<html>
<body>
<pre>
<h1>µVision Build Log</h1>
<h2>Project:</h2>
C:\Users\Sys\Desktop\GLCD\GLCD.uvproj
Project File Date:  10/30/2015

<h2>Output:</h2>
Rebuild target 'Target 1'
assembling Startup.s...
compiling GLCD.c...
GLCD.c(24): warning:  #1295-D: Deprecated declaration Delay - give arg types
linking...
Program Size: Code=2024 RO-data=32 RW-data=1032 ZI-data=1256  
"GLCD.axf" - 0 Error(s), 1 Warning(s).
Rebuild target 'Target 1'
assembling Startup.s...
compiling GLCD.c...
GLCD.c(106): error:  #140: too many arguments in function call
Target not created
Rebuild target 'Target 1'
assembling Startup.s...
compiling GLCD.c...
linking...
Program Size: Code=2020 RO-data=32 RW-data=1032 ZI-data=1256  
"GLCD.axf" - 0 Error(s), 0 Warning(s).
Load "C:\\Users\\Sys\\Desktop\\GLCD\\GLCD.AXF" 
Erase Done.
Programming Done.
Verify OK.
Application running ...
Rebuild target 'Target 1'
assembling Startup.s...
compiling GLCD.c...
linking...
Program Size: Code=2020 RO-data=32 RW-data=1032 ZI-data=1256  
FromELF: creating hex file...
"GLCD.axf" - 0 Error(s), 0 Warning(s).
