ARM Linker, RVCT3.0 [Build 942] for uVision [Full]

================================================================================

Section Cross References

    startup.o(STACK) refers (Special) to stkheap2.o(.text) for __use_two_region_memory
    startup.o(HEAP) refers (Special) to stkheap2.o(.text) for __use_two_region_memory
    startup.o(RESET) refers to startup.o(STACK) for Stack_Top
    startup.o(RESET) refers to __main.o(!!!main) for __main
    startup.o(RESET) refers (Special) to stkheap2.o(.text) for __use_two_region_memory
    startup.o(.text) refers to startup.o(HEAP) for Heap_Mem
    startup.o(.text) refers to startup.o(STACK) for Stack_Mem
    startup.o(.text) refers (Special) to stkheap2.o(.text) for __use_two_region_memory
    uart_utility.o(.text) refers to aeabi_sdiv.o(.text_udiv) for __aeabi_uidivmod
    i2c_eeprom.o(.text) refers to uart_utility.o(.text) for UART0_PutS
    i2c_eeprom.o(.text) refers to i2c_eeprom.o(.data) for flag
    aeabi_sdiv.o(.text) refers to aeabi_idiv0.o(.text) for __aeabi_idiv0
    aeabi_sdiv.o(.text_udiv) refers to aeabi_sdiv.o(.text) for __arm_div4
    divrt_7tdmi.o(x$divrt) refers to aeabi_idiv0.o(.text) for __aeabi_idiv0
    stkheap2.o(.text) refers to sys_stackheap_outer.o(.text) for __user_setup_stackheap
    stkheap2.o(.text) refers to rt_stackheap_storage_intlibspace.o(.text) for __rt_stackheap_storage
    __main.o(!!!main) refers to kernel.o(.text) for __rt_entry
    kernel.o(.text) refers to boardinit1.o(.text) for _platform_pre_stackheap_init
    kernel.o(.text) refers to stkheap2.o(.text) for __rt_stackheap_init
    kernel.o(.text) refers to boardinit2.o(.text) for _platform_post_stackheap_init
    kernel.o(.text) refers to lib_init.o(.text) for __rt_lib_init
    kernel.o(.text) refers to boardinit3.o(.text) for _platform_post_lib_init
    kernel.o(.text) refers to exit.o(.text) for exit
    kernel.o(.text) refers to i2c_eeprom.o(.text) for main
    kernel.o(.text) refers to boardshut.o(.text) for _platform_pre_lib_shutdown
    kernel.o(.text) refers to sys_exit.o(.text) for _sys_exit
    kernel.o(.ARM.exidx) refers to kernel.o(.text) for __rt_entry
    sys_stackheap_outer.o(.text) refers to libspace.o(.text) for __user_perproc_libspace
    sys_stackheap_outer.o(.text) refers to startup.o(.text) for __user_initial_stackheap
    aeabi_idiv0_sigfpe.o(.text) refers to rt_div0.o(.text) for __rt_div0
    rt_stackheap_storage.o(.text) refers to rt_stackheap_storage.o(.bss) for __rt_stackheap_storage_data
    rt_stackheap_storage_intlibspace.o(.text) refers (Weak) to libspace.o(.bss) for __libspace_start
    rt_stackheap_storage_onelibspace.o(.text) refers (Weak) to libspace.o(.text) for __user_libspace
    rt_stackheap_storage_twolibspace.o(.text) refers (Weak) to libspace.o(.text) for __user_perproc_libspace
    sys_exit.o(.text) refers to use_no_semi.o(.text) for __I_use_semihosting
    libspace.o(.text) refers to libspace.o(.bss) for __libspace_start
    rt_div0.o(.text) refers to defsig_fpe_outer.o(.text) for __rt_SIGFPE
    exit.o(.text) refers to kernel.o(.text) for __rt_exit
    stkheap1.o(.text) refers to sys_stackheap_outer.o(.text) for __user_setup_stackheap
    stkheap1.o(.text) refers to rt_stackheap_storage_intlibspace.o(.text) for __rt_stackheap_storage
    stkheap1sc.o(.text) refers to sys_stackheap_outer.o(.text) for __user_setup_stackheap
    stkheap1sc.o(.text) refers to rt_stackheap_storage_intlibspace.o(.text) for __rt_stackheap_storage
    stkheap1sc.o(.text) refers to stkovf.o(.text) for __stack_overflow
    stkheap1sc.o(.text) refers to kernel.o(.text) for __rt_exit
    stkheap1sc.o(.text) refers to sys_exit.o(.text) for _sys_exit
    stkheap1sc.o(.text) refers to stacklimit.o(.bss) for __stack_limit
    stkheap1scss.o(.text) refers to sys_stackheap_outer.o(.text) for __user_setup_stackheap
    stkheap1scss.o(.text) refers to rt_stackheap_storage_intlibspace.o(.text) for __rt_stackheap_storage
    stkheap1scss.o(.text) refers to stack_cleanup.o(.text) for __user_stack_cleanup_space
    stkheap1scss.o(.text) refers to stkovf.o(.text) for __stack_overflow
    stkheap1scss.o(.text) refers to kernel.o(.text) for __rt_exit
    stkheap1scss.o(.text) refers to sys_exit.o(.text) for _sys_exit
    stkheap1scss.o(.text) refers to stacklimit.o(.bss) for __stack_limit
    stkheap2sc.o(.text) refers to sys_stackheap_outer.o(.text) for __user_setup_stackheap
    stkheap2sc.o(.text) refers to rt_stackheap_storage_intlibspace.o(.text) for __rt_stackheap_storage
    stkheap2sc.o(.text) refers to stkovf.o(.text) for __stack_overflow
    stkheap2sc.o(.text) refers to kernel.o(.text) for __rt_exit
    stkheap2sc.o(.text) refers to sys_exit.o(.text) for _sys_exit
    stkheap2sc.o(.text) refers to stacklimit.o(.bss) for __stack_limit
    stkheap2scss.o(.text) refers to sys_stackheap_outer.o(.text) for __user_setup_stackheap
    stkheap2scss.o(.text) refers to rt_stackheap_storage_intlibspace.o(.text) for __rt_stackheap_storage
    stkheap2scss.o(.text) refers to stack_cleanup.o(.text) for __user_stack_cleanup_space
    stkheap2scss.o(.text) refers to stkovf.o(.text) for __stack_overflow
    stkheap2scss.o(.text) refers to kernel.o(.text) for __rt_exit
    stkheap2scss.o(.text) refers to sys_exit.o(.text) for _sys_exit
    stkheap2scss.o(.text) refers to stacklimit.o(.bss) for __stack_limit
    lib_init.o(.emb_text) refers to no_argv.o(.text) for __ARM_get_argv
    lib_init.o(.text) refers to fpinit.o(x$fpl$fpinit) for _fp_init
    lib_init.o(.text) refers to lib_init.o(.emb_text) for __ARM_argv_veneer
    lib_init.o(.text) refers to rt_locale_intlibspace.o(.text) for __rt_locale
    boardinit3.o(.text) refers to cpuinit.o(.text) for _cpu_pre_main
    rt_locale.o(.text) refers to rt_locale.o(.bss) for __rt_locale_data
    rt_locale_intlibspace.o(.text) refers (Weak) to libspace.o(.bss) for __libspace_start
    rt_locale_onelibspace.o(.text) refers (Weak) to libspace.o(.text) for __user_libspace
    rt_locale_twolibspace.o(.text) refers (Weak) to libspace.o(.text) for __user_perproc_libspace
    defsig_fpe_outer.o(.text) refers to defsig_fpe_inner.o(.text) for __rt_SIGFPE_inner
    defsig_fpe_outer.o(.text) refers to defsig_exit.o(.text) for __sig_exit
    defsig_fpe_formal.o(.text) refers to rt_raise.o(.text) for __rt_raise
    stkovf.o(.text) refers to defsig_stak_outer.o(.text) for __rt_SIGSTAK
    _get_argv.o(.text) refers to heapext.o(.text) for __heap_extend
    _get_argv.o(.text) refers to defsig_rtmem_outer.o(.text) for __rt_SIGRTMEM
    _get_argv.o(.text) refers to sys_command.o(.text) for _sys_command_string
    _get_argv.o(.text) refers (Special) to hrguard.o(.text) for __heap_region_guard
    fpinit.o(x$fpl$fpinit) refers to rt_fp_status_addr_intlibspace.o(.text) for __rt_fp_status_addr
    sys_command.o(.text) refers (Special) to use_no_semi.o(.text) for __I_use_semihosting
    rt_raise.o(.text) refers to __raise.o(.text) for __raise
    rt_raise.o(.text) refers to sys_exit.o(.text) for _sys_exit
    rt_fp_status_addr.o(.text) refers to rt_fp_status_addr.o(.bss) for __rt_fp_status_addr_data
    rt_fp_status_addr_intlibspace.o(.text) refers (Weak) to libspace.o(.bss) for __libspace_start
    rt_fp_status_addr_onelibspace.o(.text) refers (Weak) to libspace.o(.text) for __user_libspace
    rt_fp_status_addr_twolibspace.o(.text) refers (Weak) to libspace.o(.text) for __user_perthread_libspace
    defsig_exit.o(.text) refers to sys_exit.o(.text) for _sys_exit
    defsig_fpe_inner.o(.text) refers to defsig_general.o(.text) for __default_signal_display
    defsig_rtmem_outer.o(.text) refers to defsig_rtmem_inner.o(.text) for __rt_SIGRTMEM_inner
    defsig_rtmem_outer.o(.text) refers to defsig_exit.o(.text) for __sig_exit
    defsig_rtmem_formal.o(.text) refers to rt_raise.o(.text) for __rt_raise
    defsig_stak_outer.o(.text) refers to defsig_stak_inner.o(.text) for __rt_SIGSTAK_inner
    defsig_stak_outer.o(.text) refers to defsig_exit.o(.text) for __sig_exit
    defsig_stak_formal.o(.text) refers to rt_raise.o(.text) for __rt_raise
    heapext.o(.text) refers to stkheap2.o(.text) for __rt_heap_extend
    __raise.o(.text) refers to defsig.o(CL$$defsig) for __default_signal_handler
    __raise.o(.text) refers to callvia.o(.text) for __ARM_call_via_r2
    defsig_general.o(.text) refers to sys_wrch.o(.text) for _ttywrch
    defsig_rtmem_inner.o(.text) refers to defsig_general.o(.text) for __default_signal_display
    defsig_stak_inner.o(.text) refers to defsig_general.o(.text) for __default_signal_display
    sys_wrch.o(.text) refers (Special) to use_no_semi.o(.text) for __I_use_semihosting
    defsig.o(CL$$defsig) refers (Weak) to defsig_fpe_inner.o(.text) for __rt_SIGFPE_inner
    defsig.o(CL$$defsig) refers (Weak) to defsig_stak_inner.o(.text) for __rt_SIGSTAK_inner
    defsig.o(CL$$defsig) refers (Weak) to defsig_rtmem_inner.o(.text) for __rt_SIGRTMEM_inner


================================================================================

Removing Unused input sections from the image.

    Removing startup.o(RESET), (272 bytes).

1 unused section(s) (total 272 bytes) removed from the image.

================================================================================

Adding Veneers to the image

    Adding AT veneer (8 bytes, Inline) for call to '__rt_lib_init' from kernel.o(.text).
    Adding AT veneer (12 bytes, Long) for call to '__rt_lib_shutdown' from kernel.o(.text).
    Adding TA veneer (8 bytes, Short) for call to '__rt_exit' from exit.o(.text).
    Adding TA veneer (4 bytes, Inline) for call to '_fp_init' from lib_init.o(.text).
    Adding TA veneer (4 bytes, Inline) for call to '__ARM_argv_veneer' from lib_init.o(.text).
    Adding TA veneer (4 bytes, Inline) for call to '__rt_locale' from lib_init.o(.text).

6 Veneer(s) (total 40 bytes) added to the image.

================================================================================

Image Symbol Table

    Local Symbols

    Symbol Name                              Value     Ov Type        Size  Object(Section)

    ../../angel/boardlib.s                   0x00000000   Number         0  boardinit3.o ABSOLUTE
    ../../angel/boardlib.s                   0x00000000   Number         0  boardinit2.o ABSOLUTE
    ../../angel/boardlib.s                   0x00000000   Number         0  boardshut.o ABSOLUTE
    ../../angel/boardlib.s                   0x00000000   Number         0  cpuinit.o ABSOLUTE
    ../../angel/boardlib.s                   0x00000000   Number         0  boardinit1.o ABSOLUTE
    ../../angel/handlers.s                   0x00000000   Number         0  __scatter_zi.o ABSOLUTE
    ../../angel/kernel.s                     0x00000000   Number         0  kernel.o ABSOLUTE
    ../../angel/rt.s                         0x00000000   Number         0  rt_locale_onelibspace.o ABSOLUTE
    ../../angel/rt.s                         0x00000000   Number         0  rt_fp_status_addr.o ABSOLUTE
    ../../angel/rt.s                         0x00000000   Number         0  rt_fp_status_addr_intlibspace.o ABSOLUTE
    ../../angel/rt.s                         0x00000000   Number         0  rt_stackheap_storage.o ABSOLUTE
    ../../angel/rt.s                         0x00000000   Number         0  rt_stackheap_storage_twolibspace.o ABSOLUTE
    ../../angel/rt.s                         0x00000000   Number         0  rt_locale_intlibspace.o ABSOLUTE
    ../../angel/rt.s                         0x00000000   Number         0  rt_fp_status_addr_onelibspace.o ABSOLUTE
    ../../angel/rt.s                         0x00000000   Number         0  aeabi_idiv0_sigfpe.o ABSOLUTE
    ../../angel/rt.s                         0x00000000   Number         0  aeabi_idiv0.o ABSOLUTE
    ../../angel/rt.s                         0x00000000   Number         0  rt_raise.o ABSOLUTE
    ../../angel/rt.s                         0x00000000   Number         0  rt_locale_twolibspace.o ABSOLUTE
    ../../angel/rt.s                         0x00000000   Number         0  stack_cleanup.o ABSOLUTE
    ../../angel/rt.s                         0x00000000   Number         0  rt_div0.o ABSOLUTE
    ../../angel/rt.s                         0x00000000   Number         0  rt_stackheap_storage_intlibspace.o ABSOLUTE
    ../../angel/rt.s                         0x00000000   Number         0  rt_stackheap_storage_onelibspace.o ABSOLUTE
    ../../angel/rt.s                         0x00000000   Number         0  rt_locale.o ABSOLUTE
    ../../angel/rt.s                         0x00000000   Number         0  rt_fp_status_addr_twolibspace.o ABSOLUTE
    ../../angel/scatter.s                    0x00000000   Number         0  __scatter.o ABSOLUTE
    ../../angel/startup.s                    0x00000000   Number         0  __main.o ABSOLUTE
    ../../angel/sys.s                        0x00000000   Number         0  sys_stackheap_outer.o ABSOLUTE
    ../../angel/sys.s                        0x00000000   Number         0  sys_exit.o ABSOLUTE
    ../../angel/sys.s                        0x00000000   Number         0  libspace.o ABSOLUTE
    ../../angel/sys.s                        0x00000000   Number         0  use_no_semi.o ABSOLUTE
    ../../angel/sysapp.c                     0x00000000   Number         0  sys_command.o ABSOLUTE
    ../../angel/sysapp.c                     0x00000000   Number         0  sys_wrch.o ABSOLUTE
    ../../armsys.c                           0x00000000   Number         0  lib_init.o ABSOLUTE
    ../../armsys.c                           0x00000000   Number         0  lib_init.o ABSOLUTE
    ../../armsys.c                           0x00000000   Number         0  _get_argv.o ABSOLUTE
    ../../armsys.c                           0x00000000   Number         0  no_argv.o ABSOLUTE
    ../../division.s                         0x00000000   Number         0  aeabi_sdiv.o ABSOLUTE
    ../../divrt.s                            0x00000000   Number         0  divrt_7tdmi.o ABSOLUTE
    ../../fpinit.s                           0x00000000   Number         0  fpinit.o ABSOLUTE
    ../../heapalloc.c                        0x00000000   Number         0  hrguard.o ABSOLUTE
    ../../signal.c                           0x00000000   Number         0  defsig_rtmem_formal.o ABSOLUTE
    ../../signal.c                           0x00000000   Number         0  defsig_fpe_inner.o ABSOLUTE
    ../../signal.c                           0x00000000   Number         0  defsig_rtmem_outer.o ABSOLUTE
    ../../signal.c                           0x00000000   Number         0  defsig_stak_formal.o ABSOLUTE
    ../../signal.c                           0x00000000   Number         0  defsig_general.o ABSOLUTE
    ../../signal.c                           0x00000000   Number         0  __raise.o ABSOLUTE
    ../../signal.c                           0x00000000   Number         0  defsig_fpe_formal.o ABSOLUTE
    ../../signal.c                           0x00000000   Number         0  defsig_rtmem_inner.o ABSOLUTE
    ../../signal.c                           0x00000000   Number         0  defsig_stak_outer.o ABSOLUTE
    ../../signal.c                           0x00000000   Number         0  defsig_stak_inner.o ABSOLUTE
    ../../signal.c                           0x00000000   Number         0  defsig_fpe_outer.o ABSOLUTE
    ../../signal.c                           0x00000000   Number         0  defsig_exit.o ABSOLUTE
    ../../signal.s                           0x00000000   Number         0  defsig.o ABSOLUTE
    ../../stdlib.c                           0x00000000   Number         0  exit.o ABSOLUTE
    ../../stkheap.s                          0x00000000   Number         0  stkovf.o ABSOLUTE
    ../../stkheap.s                          0x00000000   Number         0  heapext.o ABSOLUTE
    ../../stkheap.s                          0x00000000   Number         0  stacklimit.o ABSOLUTE
    ../../stkheap1.s                         0x00000000   Number         0  stkheap1sc.o ABSOLUTE
    ../../stkheap1.s                         0x00000000   Number         0  stkheap1.o ABSOLUTE
    ../../stkheap1.s                         0x00000000   Number         0  stkheap1scss.o ABSOLUTE
    ../../stkheap2.s                         0x00000000   Number         0  stkheap2scss.o ABSOLUTE
    ../../stkheap2.s                         0x00000000   Number         0  stkheap2.o ABSOLUTE
    ../../stkheap2.s                         0x00000000   Number         0  stkheap2sc.o ABSOLUTE
    ../../unhosted.s                         0x00000000   Number         0  callvia.o ABSOLUTE
    I2C_EEPROM.c                             0x00000000   Number         0  i2c_eeprom.o ABSOLUTE
    Startup.s                                0x00000000   Number         0  startup.o ABSOLUTE
    UART_Utility.c                           0x00000000   Number         0  uart_utility.o ABSOLUTE
    dc.s                                     0x00000000   Number         0  dc.o ABSOLUTE
    !!!main                                  0x00008000   Section        8  __main.o(!!!main)
    !!!scatter                               0x00008008   Section       56  __scatter.o(!!!scatter)
    !!handler_zi                             0x00008040   Section       44  __scatter_zi.o(!!handler_zi)
    .emb_text                                0x00008070   Section       16  lib_init.o(.emb_text)
    .text                                    0x00008080   Section       32  startup.o(.text)
    .text                                    0x000080a0   Section      412  uart_utility.o(.text)
    .text                                    0x0000823c   Section     2672  i2c_eeprom.o(.text)
    .text                                    0x00008cac   Section      364  aeabi_sdiv.o(.text)
    __arm_div8                               0x00008cd8   ARM Code       0  aeabi_sdiv.o(.text)
    __arm_div4                               0x00008d08   ARM Code       0  aeabi_sdiv.o(.text)
    __arm_div_large                          0x00008d5c   ARM Code       0  aeabi_sdiv.o(.text)
    .text                                    0x00008e18   Section       88  stkheap2.o(.text)
    .text                                    0x00008e70   Section      104  kernel.o(.text)
    .text                                    0x00008ed8   Section       96  sys_stackheap_outer.o(.text)
    .text                                    0x00008f38   Section        4  aeabi_idiv0.o(.text)
    .text                                    0x00008f3c   Section       16  rt_stackheap_storage_intlibspace.o(.text)
    .text                                    0x00008f4c   Section       24  sys_exit.o(.text)
    .text                                    0x00008f64   Section       12  libspace.o(.text)
    .text                                    0x00008f70   Section       24  exit.o(.text)
    .text                                    0x00008f90   Section      214  lib_init.o(.text)
    .text                                    0x00009068   Section        4  boardinit1.o(.text)
    .text                                    0x0000906c   Section       12  boardinit2.o(.text)
    .text                                    0x00009078   Section       16  boardinit3.o(.text)
    .text                                    0x00009088   Section        4  boardshut.o(.text)
    .text                                    0x0000908c   Section        4  use_no_semi.o(.text)
    .text                                    0x00009094   Section       16  rt_locale_intlibspace.o(.text)
    .text                                    0x000090a4   Section        4  cpuinit.o(.text)
    .text                                    0x000090a8   Section        6  no_argv.o(.text)
    .text                                    0x000090b0   Section       16  rt_fp_status_addr_intlibspace.o(.text)
    .text_udiv                               0x000090c0   Section       28  aeabi_sdiv.o(.text_udiv)
    x$fpl$fpinit                             0x000090f4   Section       24  fpinit.o(x$fpl$fpinit)
    .data$0                                  0x0000911c   Data           0  i2c_eeprom.o(.data)
    .data                                    0x0000911c   Section       35  i2c_eeprom.o(.data)
    .bss                                     0x00009140   Section       96  libspace.o(.bss)
    Heap_Mem                                 0x000091a0   Number         0  startup.o(HEAP)
    Stack_Mem                                0x000091a0   Data        1160  startup.o(STACK)
    HEAP                                     0x000091a0   Number         0  startup.o(HEAP)
    STACK                                    0x000091a0   Section     1160  startup.o(STACK)
    Stack_Top                                0x00009628   Number         0  startup.o(STACK)

    Global Symbols

    Symbol Name                              Value     Ov Type        Size  Object(Section)

    BuildAttributes$$THUMB_ISAv1$ARM_ISAv4$M$PE$A:L22$X:L11$S22$IEEE1$IW$USESV6$~STKCKD$USESV7$~SHL$OSPACE$EBA8$REQ8$PRES8$EABIv2 0x00000000   Number         0  anon$$obj.o ABSOLUTE
    __ARM_use_no_argv                        0x00000000   Number         0  i2c_eeprom.o ABSOLUTE
    __use_stack_checking                     0x00000000   Number         0  stkovf.o ABSOLUTE
    __ARM_exceptions_init                     - Undefined Weak Reference
    __ARM_stackcheck                          - Undefined Weak Reference
    __Heap_DescSize                           - Undefined Weak Reference
    __alloca_initialize                       - Undefined Weak Reference
    __cpp_initialize__aeabi_                  - Undefined Weak Reference
    __cxa_finalize                            - Undefined Weak Reference
    __rt_SIGABRT_inner                        - Undefined Weak Reference
    __rt_SIGCPPL_inner                        - Undefined Weak Reference
    __rt_SIGILL_inner                         - Undefined Weak Reference
    __rt_SIGINT_inner                         - Undefined Weak Reference
    __rt_SIGPVFN_inner                        - Undefined Weak Reference
    __rt_SIGRTRED_inner                       - Undefined Weak Reference
    __rt_SIGSEGV_inner                        - Undefined Weak Reference
    __rt_SIGTERM_inner                        - Undefined Weak Reference
    __rt_SIGUSR1_inner                        - Undefined Weak Reference
    __rt_SIGUSR2_inner                        - Undefined Weak Reference
    __rt_sigother_inner                       - Undefined Weak Reference
    __sigvec_lookup                           - Undefined Weak Reference
    __user_heap_extend                        - Undefined Weak Reference
    __user_stack_slop                         - Undefined Weak Reference
    _atexit_init                              - Undefined Weak Reference
    _call_atexit_fns                          - Undefined Weak Reference
    _clock_init                               - Undefined Weak Reference
    _fp_trap_init                             - Undefined Weak Reference
    _get_lc_collate                           - Undefined Weak Reference
    _get_lc_ctype                             - Undefined Weak Reference
    _get_lc_monetary                          - Undefined Weak Reference
    _get_lc_numeric                           - Undefined Weak Reference
    _get_lc_time                              - Undefined Weak Reference
    _getenv_init                              - Undefined Weak Reference
    _handle_redirection                       - Undefined Weak Reference
    _init_alloc                               - Undefined Weak Reference
    _init_user_alloc                          - Undefined Weak Reference
    _initio                                   - Undefined Weak Reference
    _rand_init                                - Undefined Weak Reference
    _signal_init                              - Undefined Weak Reference
    _terminate_user_alloc                     - Undefined Weak Reference
    _terminateio                              - Undefined Weak Reference
    __main                                   0x00008000   ARM Code       8  __main.o(!!!main)
    __scatterload                            0x00008008   ARM Code       0  __scatter.o(!!!scatter)
    __scatterload_rt2                        0x00008008   ARM Code      48  __scatter.o(!!!scatter)
    __scatterload_null                       0x0000801c   ARM Code       0  __scatter.o(!!!scatter)
    __scatterload_zeroinit                   0x00008040   ARM Code      44  __scatter_zi.o(!!handler_zi)
    Inline Thumb to ARM Veneer to __ARM_argv_veneer 0x0000806d   Thumb Code     0  lib_init.o(.emb_text)
    __ARM_argv_veneer                        0x00008070   ARM Code      16  lib_init.o(.emb_text)
    __user_initial_stackheap                 0x00008080   ARM Code       0  startup.o(.text)
    DelayMS                                  0x000080a0   ARM Code      44  uart_utility.o(.text)
    UART1_Init                               0x000080cc   ARM Code      88  uart_utility.o(.text)
    UART1_PutC                               0x00008124   ARM Code      48  uart_utility.o(.text)
    UART1_PutS                               0x00008154   ARM Code      40  uart_utility.o(.text)
    UART0_Init                               0x0000817c   ARM Code      88  uart_utility.o(.text)
    UART0_PutC                               0x000081d4   ARM Code      48  uart_utility.o(.text)
    UART0_PutS                               0x00008204   ARM Code      40  uart_utility.o(.text)
    Delay                                    0x0000823c   ARM Code      44  i2c_eeprom.o(.text)
    Wait                                     0x00008268   ARM Code      20  i2c_eeprom.o(.text)
    I2C_Init                                 0x0000827c   ARM Code      40  i2c_eeprom.o(.text)
    I2C_Start                                0x000082a4   ARM Code      40  i2c_eeprom.o(.text)
    I2C_ISR                                  0x000082cc   ARM Code    1324  i2c_eeprom.o(.text)
    main                                     0x000087f8   ARM Code    1156  i2c_eeprom.o(.text)
    __aeabi_idiv                             0x00008cac   ARM Code       0  aeabi_sdiv.o(.text)
    __aeabi_idiv_div0                        0x00008cac   ARM Code       0  aeabi_sdiv.o(.text)
    __aeabi_idivmod                          0x00008cac   ARM Code     364  aeabi_sdiv.o(.text)
    __aeabi_idivmod_div0                     0x00008cac   ARM Code       0  aeabi_sdiv.o(.text)
    __use_two_region_memory                  0x00008e18   ARM Code       4  stkheap2.o(.text)
    __rt_stackheap_init                      0x00008e1c   ARM Code      60  stkheap2.o(.text)
    __rt_heap_extend                         0x00008e58   ARM Code      24  stkheap2.o(.text)
    __rt_entry                               0x00008e70   ARM Code      76  kernel.o(.text)
    __rt_exit                                0x00008ebc   ARM Code      20  kernel.o(.text)
    __rt_abort                               0x00008ed0   ARM Code       8  kernel.o(.text)
    __user_setup_stackheap                   0x00008ed8   ARM Code      96  sys_stackheap_outer.o(.text)
    __aeabi_idiv0                            0x00008f38   ARM Code       4  aeabi_idiv0.o(.text)
    __rt_stackheap_storage                   0x00008f3c   ARM Code      12  rt_stackheap_storage_intlibspace.o(.text)
    _sys_exit                                0x00008f4c   ARM Code      20  sys_exit.o(.text)
    __user_libspace                          0x00008f64   ARM Code       8  libspace.o(.text)
    __user_perproc_libspace                  0x00008f64   ARM Code       0  libspace.o(.text)
    __user_perthread_libspace                0x00008f64   ARM Code       0  libspace.o(.text)
    exit                                     0x00008f71   Thumb Code    24  exit.o(.text)
    Inline ARM to Thumb Veneer to __rt_lib_init 0x00008f88   ARM Code       0  lib_init.o(.text)
    __rt_lib_init                            0x00008f91   Thumb Code   188  lib_init.o(.text)
    __rt_lib_shutdown                        0x0000904d   Thumb Code    26  lib_init.o(.text)
    _platform_pre_stackheap_init             0x00009068   ARM Code       4  boardinit1.o(.text)
    _platform_post_stackheap_init            0x0000906c   ARM Code      12  boardinit2.o(.text)
    _platform_post_lib_init                  0x00009078   ARM Code      16  boardinit3.o(.text)
    _platform_pre_lib_shutdown               0x00009088   ARM Code       4  boardshut.o(.text)
    __I_use_semihosting                      0x0000908c   ARM Code       0  use_no_semi.o(.text)
    __use_no_semihosting_swi                 0x0000908c   ARM Code       4  use_no_semi.o(.text)
    Inline Thumb to ARM Veneer to __rt_locale 0x00009091   Thumb Code     0  rt_locale_intlibspace.o(.text)
    __rt_locale                              0x00009094   ARM Code      12  rt_locale_intlibspace.o(.text)
    _cpu_pre_main                            0x000090a4   ARM Code       4  cpuinit.o(.text)
    __ARM_get_argv                           0x000090a9   Thumb Code     6  no_argv.o(.text)
    __rt_fp_status_addr                      0x000090b0   ARM Code      12  rt_fp_status_addr_intlibspace.o(.text)
    __aeabi_uidiv                            0x000090c0   ARM Code       0  aeabi_sdiv.o(.text_udiv)
    __aeabi_uidiv_div0                       0x000090c0   ARM Code       0  aeabi_sdiv.o(.text_udiv)
    __aeabi_uidivmod                         0x000090c0   ARM Code      28  aeabi_sdiv.o(.text_udiv)
    __aeabi_uidivmod_div0                    0x000090c0   ARM Code       0  aeabi_sdiv.o(.text_udiv)
    Long ARM to Thumb Veneer to __rt_lib_shutdown 0x000090dc   ARM Code       0  anon$$obj.o(Veneer$$Code)
    Short Thumb to ARM Veneer to __rt_exit   0x000090e9   Thumb Code     0  anon$$obj.o(Veneer$$Code)
    Inline Thumb to ARM Veneer to _fp_init   0x000090f1   Thumb Code     0  fpinit.o(x$fpl$fpinit)
    _fp_init                                 0x000090f4   ARM Code      24  fpinit.o(x$fpl$fpinit)
    __fplib_config_pureend_doubles           0x00009104   ARM Code       0  fpinit.o(x$fpl$fpinit)
    Region$$Table$$Base                      0x0000910c   Number         0  anon$$obj.o(Region$$Table)
    ReLoad                                   0x0000911c   Data          10  i2c_eeprom.o(.data)
    Region$$Table$$Limit                     0x0000911c   Data           0  anon$$obj.o(Region$$Table)
    Buff                                     0x00009126   Data          10  i2c_eeprom.o(.data)
    Rec                                      0x00009130   Data          10  i2c_eeprom.o(.data)
    index                                    0x0000913a   Data           1  i2c_eeprom.o(.data)
    flag                                     0x0000913b   Data           1  i2c_eeprom.o(.data)
    Ready                                    0x0000913c   Data           1  i2c_eeprom.o(.data)
    Erase                                    0x0000913d   Data           1  i2c_eeprom.o(.data)
    ii                                       0x0000913e   Data           1  i2c_eeprom.o(.data)
    __libspace_start                         0x00009140   Data          96  libspace.o(.bss)


================================================================================

Memory Map of the image

  Image Entry point : 0x00008000

  Load Region LR_1 (Base: 0x00008000, Size: 0x00001140, Max: 0xffffffff, ABSOLUTE)

    Execution Region ER_RO (Base: 0x00008000, Size: 0x0000111c, Max: 0xffffffff, ABSOLUTE)

    Base Addr    Size         Type   Attr      Idx    E Section Name        Object

    0x00008000   0x00000008   Code   RO           74  * !!!main             __main.o(c_t__un.l)
    0x00008008   0x00000038   Code   RO          197    !!!scatter          __scatter.o(c_t__un.l)
    0x00008040   0x0000002c   Code   RO          199    !!handler_zi        __scatter_zi.o(c_t__un.l)
    0x0000806c   0x00000004   Ven    RO          113    .emb_text           lib_init.o(c_t__un.l)
    0x00008070   0x00000010   Code   RO          113    .emb_text           lib_init.o(c_t__un.l)
    0x00008080   0x00000020   Code   RO            4    .text               startup.o
    0x000080a0   0x0000019c   Code   RO           11    .text               uart_utility.o
    0x0000823c   0x00000a70   Code   RO           33    .text               i2c_eeprom.o
    0x00008cac   0x0000016c   Code   RO           64    .text               aeabi_sdiv.o(c_t__un.l)
    0x00008e18   0x00000058   Code   RO           72    .text               stkheap2.o(c_t__un.l)
    0x00008e70   0x00000068   Code   RO           76    .text               kernel.o(c_t__un.l)
    0x00008ed8   0x00000060   Code   RO           79    .text               sys_stackheap_outer.o(c_t__un.l)
    0x00008f38   0x00000004   Code   RO           81    .text               aeabi_idiv0.o(c_t__un.l)
    0x00008f3c   0x00000010   Code   RO           88    .text               rt_stackheap_storage_intlibspace.o(c_t__un.l)
    0x00008f4c   0x00000018   Code   RO           94    .text               sys_exit.o(c_t__un.l)
    0x00008f64   0x0000000c   Code   RO           96    .text               libspace.o(c_t__un.l)
    0x00008f70   0x00000018   Code   RO          101    .text               exit.o(c_t__un.l)
    0x00008f88   0x00000008   Ven    RO          114    .text               lib_init.o(c_t__un.l)
    0x00008f90   0x000000d6   Code   RO          114    .text               lib_init.o(c_t__un.l)
    0x00009066   0x00000002   PAD
    0x00009068   0x00000004   Code   RO          117    .text               boardinit1.o(c_t__un.l)
    0x0000906c   0x0000000c   Code   RO          119    .text               boardinit2.o(c_t__un.l)
    0x00009078   0x00000010   Code   RO          121    .text               boardinit3.o(c_t__un.l)
    0x00009088   0x00000004   Code   RO          123    .text               boardshut.o(c_t__un.l)
    0x0000908c   0x00000004   Code   RO          125    .text               use_no_semi.o(c_t__un.l)
    0x00009090   0x00000004   Ven    RO          132    .text               rt_locale_intlibspace.o(c_t__un.l)
    0x00009094   0x00000010   Code   RO          132    .text               rt_locale_intlibspace.o(c_t__un.l)
    0x000090a4   0x00000004   Code   RO          148    .text               cpuinit.o(c_t__un.l)
    0x000090a8   0x00000006   Code   RO          150    .text               no_argv.o(c_t__un.l)
    0x000090ae   0x00000002   PAD
    0x000090b0   0x00000010   Code   RO          161    .text               rt_fp_status_addr_intlibspace.o(c_t__un.l)
    0x000090c0   0x0000001c   Code   RO           65    .text_udiv          aeabi_sdiv.o(c_t__un.l)
    0x000090dc   0x0000000c   Ven    RO          202    Veneer$$Code        anon$$obj.o
    0x000090e8   0x00000008   Ven    RO          203    Veneer$$Code        anon$$obj.o
    0x000090f0   0x00000004   Ven    RO          152    x$fpl$fpinit        fpinit.o(fz_t_p.l)
    0x000090f4   0x00000018   Code   RO          152    x$fpl$fpinit        fpinit.o(fz_t_p.l)
    0x0000910c   0x00000010   Data   RO          196    Region$$Table       anon$$obj.o


    Execution Region ER_RW (Base: 0x0000911c, Size: 0x00000024, Max: 0xffffffff, ABSOLUTE)

    Base Addr    Size         Type   Attr      Idx    E Section Name        Object

    0x0000911c   0x00000023   Data   RW           34    .data               i2c_eeprom.o


    Execution Region ER_ZI (Base: 0x00009140, Size: 0x000004e8, Max: 0xffffffff, ABSOLUTE)

    Base Addr    Size         Type   Attr      Idx    E Section Name        Object

    0x00009140   0x00000060   Zero   RW           97    .bss                libspace.o(c_t__un.l)
    0x000091a0   0x00000000   Zero   RW            2    HEAP                startup.o
    0x000091a0   0x00000488   Zero   RW            1    STACK               startup.o


================================================================================

Image component sizes


      Code (inc. data)   RO Data    RW Data    ZI Data      Debug   Object Name

      2672        448          0         35          0       2068   i2c_eeprom.o
        32         12          0          0       1160        236   startup.o
       412         16          0          0          0       3984   uart_utility.o

    ------------------------------------------------------------------------
      3136        480         16         36       1160       6288   Object Totals
        20          4         16          0          0          0   (incl. Generated)
         0          0          0          1          0          0   (incl. Padding)

    ------------------------------------------------------------------------

      Code (inc. data)   RO Data    RW Data    ZI Data      Debug   Library Member Name

         8          0          0          0          0          0   __main.o
        56          8          0          0          0          0   __scatter.o
        44          0          0          0          0          0   __scatter_zi.o
         4          0          0          0          0          0   aeabi_idiv0.o
       392          0          0          0          0          0   aeabi_sdiv.o
         4          0          0          0          0          0   boardinit1.o
        12          0          0          0          0          0   boardinit2.o
        16          0          0          0          0          0   boardinit3.o
         4          0          0          0          0          0   boardshut.o
         4          0          0          0          0          0   cpuinit.o
        24          0          0          0          0          0   exit.o
        28          0          0          0          0          0   fpinit.o
       104          4          0          0          0          0   kernel.o
       242          4          0          0          0          0   lib_init.o
        12          4          0          0         96          0   libspace.o
         6          0          0          0          0          0   no_argv.o
        16          4          0          0          0          0   rt_fp_status_addr_intlibspace.o
        20          4          0          0          0          0   rt_locale_intlibspace.o
        16          4          0          0          0          0   rt_stackheap_storage_intlibspace.o
        88          0          0          0          0          0   stkheap2.o
        24          8          0          0          0          0   sys_exit.o
        96          0          0          0          0          0   sys_stackheap_outer.o
         4          0          0          0          0          0   use_no_semi.o

    ------------------------------------------------------------------------
      1228         40          0          0         96          0   Library Totals
         4          0          0          0          0          0   (incl. Padding)

    ------------------------------------------------------------------------

      Code (inc. data)   RO Data    RW Data    ZI Data      Debug   Library Name

      1196         40          0          0         96          0   c_t__un.l
        28          0          0          0          0          0   fz_t_p.l

    ------------------------------------------------------------------------
      1228         40          0          0         96          0   Library Totals

    ------------------------------------------------------------------------

================================================================================


      Code (inc. data)   RO Data    RW Data    ZI Data      Debug   

      4364        520         16         36       1256       6288   Grand Totals
      4364        520         16         36       1256       6288   Image Totals

================================================================================

    Total RO  Size (Code + RO Data)                 4380 (   4.28kB)
    Total RW  Size (RW Data + ZI Data)              1292 (   1.26kB)
    Total ROM Size (Code + RO Data + RW Data)       4416 (   4.31kB)

================================================================================

