<html>
<body>
<pre>
<h1>µVision Build Log</h1>
<h2>Project:</h2>
C:\Users\Sys\Desktop\SPI_DAC\SPI_DAC.uvproj
Project File Date:  10/30/2015

<h2>Output:</h2>
Rebuild target 'Target 1'
assembling Startup.s...
compiling SPI_DAC.c...
linking...
Program Size: Code=8224 RO-data=320 RW-data=12 ZI-data=1260  
"SPI_DAC.axf" - 0 Error(s), 0 Warning(s).
Load "C:\\Users\\Sys\\Desktop\\SPI_DAC\\SPI_DAC.AXF" 
Erase Done.
Programming Done.
Verify OK.
Application running ...
Rebuild target 'Target 1'
assembling Startup.s...
compiling SPI_DAC.c...
linking...
Program Size: Code=8224 RO-data=320 RW-data=12 ZI-data=1260  
FromELF: creating hex file...
"SPI_DAC.axf" - 0 Error(s), 0 Warning(s).
