<html>
<body>
<pre>
<h1>µVision Build Log</h1>
<h2>Project:</h2>
D:\Softwares\Source Codes\ARM7\Tyro-2148\LCD\LCD.uvproj
Project File Date:  06/24/2015

<h2>Output:</h2>
Rebuild target 'Target 1'
assembling Startup.s...
compiling LCD.c...
LCD.c(1): error:  #5: cannot open source input file "reg51.h": No such file or directory
Target not created
Rebuild target 'Target 1'
assembling Startup.s...
compiling LCD.c...
LCD.c(20): warning:  #951-D: return type of function "main" must be "int"
LCD.c(55): error:  #20: identifier "command" is undefined
LCD.c(77): error:  #79: expected a type specifier
LCD.c(77): error:  #147: declaration is incompatible with "int putc(int, FILE *)" (declared at line 657 of "C:\KeilARM\ARM\RV31\Inc\stdio.h")
LCD.c(77): error:  #141-D: unnamed prototyped parameters not allowed when body is present
Target not created
Rebuild target 'Target 1'
assembling Startup.s...
compiling LCD.c...
LCD.c(20): warning:  #951-D: return type of function "main" must be "int"
LCD.c(55): error:  #20: identifier "command" is undefined
Target not created
Rebuild target 'Target 1'
assembling Startup.s...
compiling LCD.c...
LCD.c(20): warning:  #951-D: return type of function "main" must be "int"
LCD.c(55): error:  #20: identifier "command" is undefined
Target not created
Rebuild target 'Target 1'
assembling Startup.s...
compiling LCD.c...
LCD.c(55): error:  #20: identifier "command" is undefined
Target not created
Rebuild target 'Target 1'
assembling Startup.s...
compiling LCD.c...
linking...
Program Size: Code=3912 RO-data=44 RW-data=32 ZI-data=1496  
"LCD.axf" - 0 Error(s), 0 Warning(s).
"LPC210x_ISP.EXE" "D:\Softwares\Source Codes\ARM7\Tyro-2148\LCD\LCD.HEX" 12000 LPC2148 COM1: 38400 1
--- Error: failed to execute '"LPC210x_ISP.EXE" "D:\Softwares\Source Codes\ARM7\Tyro-2148\LCD\LCD.HEX" 12000 LPC2148 COM1: 38400 1'
Load "D:\\Softwares\\Source Codes\\ARM7\\Tyro-2148\\LCD\\LCD.AXF" 
Internal DLL Error
Load "D:\\Softwares\\Source Codes\\ARM7\\Tyro-2148\\LCD\\LCD.AXF" 
Load "D:\\Softwares\\Source Codes\\ARM7\\Tyro-2148\\LCD\\LCD.AXF" 
Load "D:\\Softwares\\Source Codes\\ARM7\\Tyro-2148\\LCD\\LCD.AXF" 
Erase Done.
Programming Done.
Verify OK.
Application running ...
Rebuild target 'Target 1'
assembling Startup.s...
compiling LCD.c...
linking...
Program Size: Code=3912 RO-data=44 RW-data=32 ZI-data=1496  
"LCD.axf" - 0 Error(s), 0 Warning(s).
Load "D:\\Softwares\\Source Codes\\ARM7\\Tyro-2148\\LCD\\LCD.AXF" 
Erase Done.
Programming Done.
Verify OK.
Application running ...
Load "D:\\Softwares\\Source Codes\\ARM7\\Tyro-2148\\LCD\\LCD.AXF" 
Erase Done.
Programming Done.
Verify OK.
Rebuild target 'Target 1'
assembling Startup.s...
compiling LCD.c...
linking...
Program Size: Code=3904 RO-data=44 RW-data=32 ZI-data=1496  
"LCD.axf" - 0 Error(s), 0 Warning(s).
Load "D:\\Softwares\\Source Codes\\ARM7\\Tyro-2148\\LCD\\LCD.AXF" 
Load "D:\\Softwares\\Source Codes\\ARM7\\Tyro-2148\\LCD\\LCD.AXF" 
Erase Done.
Programming Done.
Verify OK.
Rebuild target 'Target 1'
assembling Startup.s...
compiling LCD.c...
linking...
Program Size: Code=852 RO-data=32 RW-data=20 ZI-data=1260  
"LCD.axf" - 0 Error(s), 0 Warning(s).
Rebuild target 'Target 1'
assembling Startup.s...
compiling LCD.c...
linking...
Program Size: Code=852 RO-data=32 RW-data=20 ZI-data=1260  
FromELF: creating hex file...
"LCD.axf" - 0 Error(s), 0 Warning(s).
Rebuild target 'Target 1'
assembling Startup.s...
compiling LCD.c...
linking...
Program Size: Code=864 RO-data=32 RW-data=20 ZI-data=1260  
FromELF: creating hex file...
"LCD.axf" - 0 Error(s), 0 Warning(s).
Rebuild target 'Target 1'
assembling Startup.s...
compiling LCD.c...
linking...
Program Size: Code=876 RO-data=32 RW-data=20 ZI-data=1260  
FromELF: creating hex file...
"LCD.axf" - 0 Error(s), 0 Warning(s).
Rebuild target 'Target 1'
assembling Startup.s...
compiling LCD.c...
linking...
Program Size: Code=884 RO-data=32 RW-data=20 ZI-data=1260  
FromELF: creating hex file...
"LCD.axf" - 0 Error(s), 0 Warning(s).
Rebuild target 'Target 1'
assembling Startup.s...
compiling LCD.c...
linking...
Program Size: Code=892 RO-data=32 RW-data=20 ZI-data=1260  
FromELF: creating hex file...
"LCD.axf" - 0 Error(s), 0 Warning(s).
Rebuild target 'Target 1'
assembling Startup.s...
compiling LCD.c...
linking...
Program Size: Code=892 RO-data=32 RW-data=20 ZI-data=1260  
FromELF: creating hex file...
"LCD.axf" - 0 Error(s), 0 Warning(s).
Rebuild target 'Target 1'
assembling Startup.s...
compiling LCD.c...
linking...
Program Size: Code=892 RO-data=32 RW-data=20 ZI-data=1260  
FromELF: creating hex file...
"LCD.axf" - 0 Error(s), 0 Warning(s).
Rebuild target 'Target 1'
assembling Startup.s...
compiling LCD.c...
linking...
Program Size: Code=896 RO-data=32 RW-data=20 ZI-data=1260  
FromELF: creating hex file...
"LCD.axf" - 0 Error(s), 0 Warning(s).
Rebuild target 'Target 1'
assembling Startup.s...
compiling LCD.c...
linking...
Program Size: Code=896 RO-data=32 RW-data=20 ZI-data=1260  
FromELF: creating hex file...
"LCD.axf" - 0 Error(s), 0 Warning(s).
Rebuild target 'Target 1'
assembling Startup.s...
compiling LCD.c...
linking...
Program Size: Code=892 RO-data=32 RW-data=20 ZI-data=1260  
FromELF: creating hex file...
"LCD.axf" - 0 Error(s), 0 Warning(s).
Rebuild target 'Target 1'
assembling Startup.s...
compiling LCD.c...
linking...
Program Size: Code=884 RO-data=32 RW-data=20 ZI-data=1260  
FromELF: creating hex file...
"LCD.axf" - 0 Error(s), 0 Warning(s).
