ARM Linker, RVCT3.1 [Build 919] for uVision [Standard]

================================================================================

Section Cross References

    startup.o(vectors) refers to os_cpu_a.o(subr) for SoftwareInterrupt
    startup.o(vectors) refers to target.o(.text) for FIQ_Exception
    startup.o(vectors) refers to __main.o(!!!main) for __main
    startup.o(vectors) refers to startup.o(MyStacks) for IrqStackSpace
    startup.o(vectors) refers to startup.o(Stacks) for StackUsr
    startup.o(vectors) refers to startup.o(Heap) for bottom_of_heap
    target.o(.text) refers to os_core.o(.text) for OSTimeTick
    target.o(.text) refers to rand.o(.text) for srand
    target.o(.text) refers to aeabi_sdiv.o(.text_udiv) for __aeabi_uidivmod
    target.o(.text) refers to irq.o(IRQ) for IRQ_Handler
    irq.o(IRQ) refers to target.o(.text) for IRQ_Exception
    irq.o(IRQ) refers to os_core.o(.text) for OSIntExit
    irq.o(IRQ) refers to os_core.o(.data) for OSIntNesting
    irq.o(IRQ) refers to startup.o(Stacks) for StackUsr
    irq.o(IRQ) refers to os_cpu_c.o(.data) for OsEnterSum
    irq.o(IRQ) refers to os_cpu_a.o(subr) for OSIntCtxSw
    led.o(.text) refers to os_time.o(.text) for OSTimeDly
    led.o(.text) refers to target.o(.text) for TargetInit
    led.o(.text) refers to os_core.o(.text) for OSInit
    led.o(.text) refers to os_task.o(.text) for OSTaskCreate
    led.o(.text) refers to led.o(.bss) for TaskStk0
    os_cpu_a.o(subr) refers to os_cpu_c.o(.text) for SWI_Exception
    os_cpu_a.o(subr) refers to os_cpu_a.o(SWIStacks) for SvcStackSpace
    os_cpu_a.o(subr) refers to os_cpu_c.o(.data) for OsEnterSum
    os_cpu_a.o(subr) refers to os_core.o(.data) for OSTCBCur
    os_cpu_c.o(.text) refers to os_cpu_c.o(.data) for OsEnterSum
    os_cpu_c.o(.text) refers to os_core.o(.bss) for OSTCBPrioTbl
    os_core.o(.text) refers to os_time.o(.text) for OSTimeDly
    os_core.o(.text) refers to aeabi_sdiv.o(.text_udiv) for __aeabi_uidivmod
    os_core.o(.text) refers to os_cpu_c.o(.text) for OSTaskStatHook
    os_core.o(.text) refers to os_task.o(.text) for OSTaskCreateExt
    os_core.o(.text) refers to os_flag.o(.text) for OS_FlagInit
    os_core.o(.text) refers to os_mem.o(.text) for OS_MemInit
    os_core.o(.text) refers to os_q.o(.text) for OS_QInit
    os_core.o(.text) refers to os_core.o(.data) for OSStatRdy
    os_core.o(.text) refers to os_core.o(.bss) for OSTaskStatStk
    os_core.o(.text) refers to os_core.o(.constdata) for OSUnMapTbl
    os_flag.o(.text) refers to os_core.o(.text) for OS_Sched
    os_flag.o(.text) refers to os_core.o(.data) for OSIntNesting
    os_flag.o(.text) refers to os_core.o(.bss) for OSFlagTbl
    os_mbox.o(.text) refers to os_core.o(.text) for OS_EventWaitListInit
    os_mbox.o(.text) refers to os_core.o(.data) for OSIntNesting
    os_mem.o(.text) refers to os_core.o(.data) for OSMemFreeList
    os_mem.o(.text) refers to os_core.o(.bss) for OSMemTbl
    os_mutex.o(.text) refers to os_core.o(.text) for OS_EventWaitListInit
    os_mutex.o(.text) refers to os_core.o(.data) for OSIntNesting
    os_mutex.o(.text) refers to os_core.o(.bss) for OSTCBPrioTbl
    os_mutex.o(.text) refers to os_core.o(.constdata) for OSMapTbl
    os_q.o(.text) refers to os_core.o(.text) for OS_EventWaitListInit
    os_q.o(.text) refers to os_core.o(.data) for OSIntNesting
    os_q.o(.text) refers to os_core.o(.bss) for OSQTbl
    os_sem.o(.text) refers to os_core.o(.text) for OS_EventWaitListInit
    os_sem.o(.text) refers to os_core.o(.data) for OSIntNesting
    os_task.o(.text) refers to os_core.o(.text) for OS_Sched
    os_task.o(.text) refers to os_cpu_c.o(.text) for OSTaskStkInit
    os_task.o(.text) refers to rt_memclr_w.o(.text) for __aeabi_memclr4
    os_task.o(.text) refers to os_flag.o(.text) for OS_FlagUnlink
    os_task.o(.text) refers to rt_memcpy_w.o(.text) for __aeabi_memcpy4
    os_task.o(.text) refers to os_core.o(.bss) for OSTCBPrioTbl
    os_task.o(.text) refers to os_core.o(.constdata) for OSMapTbl
    os_task.o(.text) refers to os_core.o(.data) for OSTCBCur
    os_time.o(.text) refers to os_core.o(.text) for OS_Sched
    os_time.o(.text) refers to aeabi_sdiv.o(.text_udiv) for __aeabi_uidivmod
    os_time.o(.text) refers to os_core.o(.data) for OSTCBCur
    os_time.o(.text) refers to os_core.o(.bss) for OSTCBPrioTbl
    rand.o(.text) refers to rand.o(.data) for .data
    rand.o(.text) refers to rand.o(.bss) for .bss
    aeabi_sdiv.o(.text_udiv) refers to aeabi_sdiv.o(.text) for __arm_div4
    aeabi_sdiv_div0.o(.text_udiv) refers to aeabi_sdiv_div0.o(.text) for __arm_div4
    __main.o(!!!main) refers to kernel.o(.text) for __rt_entry
    kernel.o(.text) refers to stkheap1.o(.text) for __rt_stackheap_init
    kernel.o(.text) refers to boardinit2.o(.text) for _platform_post_stackheap_init
    kernel.o(.text) refers to lib_init.o(.text) for __rt_lib_init
    kernel.o(.text) refers to boardinit3.o(.text) for _platform_post_lib_init
    kernel.o(.text) refers to exit.o(.text) for exit
    kernel.o(.text) refers to led.o(.text) for main
    kernel.o(.text) refers to sys_exit.o(.text) for _sys_exit
    kernel.o(.ARM.exidx) refers to kernel.o(.text) for __rt_entry
    aeabi_idiv0_sigfpe.o(.text) refers to startup.o(vectors) for __rt_div0
    sys_exit.o(.text) refers to use_no_semi.o(.text) for __I_use_semihosting
    exit.o(.text) refers to kernel.o(.text) for __rt_exit
    stkheap1.o(.text) refers to sys_stackheap_outer.o(.text) for __user_setup_stackheap
    stkheap1.o(.text) refers to rt_stackheap_storage_intlibspace.o(.text) for __rt_stackheap_storage
    stkheap2.o(.text) refers to sys_stackheap_outer.o(.text) for __user_setup_stackheap
    stkheap2.o(.text) refers to rt_stackheap_storage_intlibspace.o(.text) for __rt_stackheap_storage
    lib_init.o(.emb_text) refers to no_argv.o(.text) for __ARM_get_argv
    lib_init.o(.text) refers to fpinit.o(x$fpl$fpinit) for _fp_init
    lib_init.o(.text) refers to lib_init.o(.emb_text) for __ARM_argv_veneer
    lib_init.o(.text) refers (Weak) to rand.o(.text) for _rand_init
    lib_init.o(.text) refers to rt_locale_intlibspace.o(.text) for __rt_locale
    sys_stackheap_outer.o(.text) refers to libspace.o(.text) for __user_perproc_libspace
    sys_stackheap_outer.o(.text) refers to startup.o(vectors) for __user_initial_stackheap
    rt_stackheap_storage.o(.text) refers to rt_stackheap_storage.o(.bss) for __rt_stackheap_storage_data
    rt_stackheap_storage_intlibspace.o(.text) refers to libspace.o(.bss) for __libspace_start
    rt_locale.o(.text) refers to rt_locale.o(.bss) for __rt_locale_data
    rt_locale_intlibspace.o(.text) refers to libspace.o(.bss) for __libspace_start
    _get_argv.o(.text) refers to heapext.o(.text) for __heap_extend
    _get_argv.o(.text) refers to defsig_rtmem_outer.o(.text) for __rt_SIGRTMEM
    _get_argv.o(.text) refers to sys_command.o(.text) for _sys_command_string
    _get_argv.o(.text) refers (Special) to hrguard.o(.text) for __heap_region_guard
    fpinit.o(x$fpl$fpinit) refers to rt_fp_status_addr_intlibspace.o(.text) for __rt_fp_status_addr
    sys_command.o(.text) refers (Special) to use_no_semi.o(.text) for __I_use_semihosting
    libspace.o(.text) refers to libspace.o(.bss) for __libspace_start
    rt_fp_status_addr.o(.text) refers to rt_fp_status_addr.o(.bss) for __rt_fp_status_addr_data
    rt_fp_status_addr_intlibspace.o(.text) refers to libspace.o(.bss) for __libspace_start
    defsig_rtmem_outer.o(.text) refers to defsig_rtmem_inner.o(.text) for __rt_SIGRTMEM_inner
    defsig_rtmem_outer.o(.text) refers to defsig_exit.o(.text) for __sig_exit
    defsig_rtmem_formal.o(.text) refers to rt_raise.o(.text) for __rt_raise
    defsig_rtmem_formal.o(.text) refers (Special) to defsig_rtmem_inner.o(.text) for __rt_SIGRTMEM_inner
    heapext.o(.text) refers to stkheap1.o(.text) for __rt_heap_extend
    rt_raise.o(.text) refers to __raise.o(.text) for __raise
    rt_raise.o(.text) refers to sys_exit.o(.text) for _sys_exit
    defsig_exit.o(.text) refers to sys_exit.o(.text) for _sys_exit
    defsig_rtmem_inner.o(.text) refers to defsig_general.o(.text) for __default_signal_display
    __raise.o(.text) refers to defsig.o(CL$$defsig) for __default_signal_handler
    __raise.o(.text) refers to callvia.o(.text) for __ARM_call_via_r2
    defsig_general.o(.text) refers to sys_wrch.o(.text) for _ttywrch
    sys_wrch.o(.text) refers (Special) to use_no_semi.o(.text) for __I_use_semihosting
    defsig.o(CL$$defsig) refers (Weak) to defsig_rtmem_inner.o(.text) for __rt_SIGRTMEM_inner


================================================================================

Removing Unused input sections from the image.

    Removing os_mbox.o(.text), (1344 bytes).
    Removing os_mutex.o(.text), (2224 bytes).
    Removing os_sem.o(.text), (1108 bytes).

3 unused section(s) (total 4676 bytes) removed from the image.

================================================================================

Adding Veneers to the image

    Adding TA veneer (8 bytes, Short) for call to '__rt_exit' from exit.o(.text).
    Adding AT veneer (12 bytes, Long) for call to '__rt_lib_shutdown' from kernel.o(.text).
    Adding TA veneer (4 bytes, Inline) for call to '_fp_init' from lib_init.o(.text).
    Adding TA veneer (4 bytes, Inline) for call to '__rt_locale' from lib_init.o(.text).
    Adding AT veneer (8 bytes, Inline) for call to '__rt_lib_init' from kernel.o(.text).
    Adding AT veneer (8 bytes, Inline) for call to 'srand' from target.o(.text).
    Adding TA veneer (4 bytes, Inline) for call to '__ARM_argv_veneer' from lib_init.o(.text).

7 Veneer(s) (total 48 bytes) added to the image.

================================================================================

Image Symbol Table

    Local Symbols

    Symbol Name                              Value     Ov Type        Size  Object(Section)

    ../../angel/boardlib.s                   0x00000000   Number         0  boardinit1.o ABSOLUTE
    ../../angel/boardlib.s                   0x00000000   Number         0  boardinit3.o ABSOLUTE
    ../../angel/boardlib.s                   0x00000000   Number         0  cpuinit.o ABSOLUTE
    ../../angel/boardlib.s                   0x00000000   Number         0  boardshut.o ABSOLUTE
    ../../angel/boardlib.s                   0x00000000   Number         0  boardinit2.o ABSOLUTE
    ../../angel/handlers.s                   0x00000000   Number         0  __scatter_zi.o ABSOLUTE
    ../../angel/kernel.s                     0x00000000   Number         0  kernel.o ABSOLUTE
    ../../angel/rt.s                         0x00000000   Number         0  rt_raise.o ABSOLUTE
    ../../angel/rt.s                         0x00000000   Number         0  rt_stackheap_storage.o ABSOLUTE
    ../../angel/rt.s                         0x00000000   Number         0  rt_stackheap_storage_intlibspace.o ABSOLUTE
    ../../angel/rt.s                         0x00000000   Number         0  rt_locale.o ABSOLUTE
    ../../angel/rt.s                         0x00000000   Number         0  aeabi_idiv0_sigfpe.o ABSOLUTE
    ../../angel/rt.s                         0x00000000   Number         0  rt_fp_status_addr.o ABSOLUTE
    ../../angel/rt.s                         0x00000000   Number         0  aeabi_idiv0.o ABSOLUTE
    ../../angel/rt.s                         0x00000000   Number         0  rt_locale_intlibspace.o ABSOLUTE
    ../../angel/rt.s                         0x00000000   Number         0  rt_fp_status_addr_intlibspace.o ABSOLUTE
    ../../angel/scatter.s                    0x00000000   Number         0  __scatter.o ABSOLUTE
    ../../angel/startup.s                    0x00000000   Number         0  __main.o ABSOLUTE
    ../../angel/sys.s                        0x00000000   Number         0  sys_stackheap_outer.o ABSOLUTE
    ../../angel/sys.s                        0x00000000   Number         0  use_no_semi.o ABSOLUTE
    ../../angel/sys.s                        0x00000000   Number         0  sys_exit.o ABSOLUTE
    ../../angel/sys.s                        0x00000000   Number         0  libspace.o ABSOLUTE
    ../../angel/sysapp.c                     0x00000000   Number         0  sys_wrch.o ABSOLUTE
    ../../angel/sysapp.c                     0x00000000   Number         0  sys_command.o ABSOLUTE
    ../../armsys.c                           0x00000000   Number         0  no_argv.o ABSOLUTE
    ../../armsys.c                           0x00000000   Number         0  _get_argv.o ABSOLUTE
    ../../armsys.c                           0x00000000   Number         0  lib_init.o ABSOLUTE
    ../../armsys.c                           0x00000000   Number         0  lib_init.o ABSOLUTE
    ../../division.s                         0x00000000   Number         0  aeabi_sdiv.o ABSOLUTE
    ../../division.s                         0x00000000   Number         0  aeabi_sdiv_div0.o ABSOLUTE
    ../../divrt.s                            0x00000000   Number         0  divrt_7tdmi_div0.o ABSOLUTE
    ../../divrt.s                            0x00000000   Number         0  divrt_7tdmi.o ABSOLUTE
    ../../fpinit.s                           0x00000000   Number         0  fpinit.o ABSOLUTE
    ../../heapalloc.c                        0x00000000   Number         0  hrguard.o ABSOLUTE
    ../../memcpset.s                         0x00000000   Number         0  rt_memclr_w.o ABSOLUTE
    ../../memcpset.s                         0x00000000   Number         0  rt_memcpy_w.o ABSOLUTE
    ../../signal.c                           0x00000000   Number         0  defsig_general.o ABSOLUTE
    ../../signal.c                           0x00000000   Number         0  __raise.o ABSOLUTE
    ../../signal.c                           0x00000000   Number         0  defsig_rtmem_inner.o ABSOLUTE
    ../../signal.c                           0x00000000   Number         0  defsig_exit.o ABSOLUTE
    ../../signal.c                           0x00000000   Number         0  defsig_rtmem_outer.o ABSOLUTE
    ../../signal.c                           0x00000000   Number         0  defsig_rtmem_formal.o ABSOLUTE
    ../../signal.s                           0x00000000   Number         0  defsig.o ABSOLUTE
    ../../stdlib.c                           0x00000000   Number         0  exit.o ABSOLUTE
    ../../stdlib.c                           0x00000000   Number         0  rand.o ABSOLUTE
    ../../stkheap.s                          0x00000000   Number         0  heapext.o ABSOLUTE
    ../../stkheap1.s                         0x00000000   Number         0  stkheap1.o ABSOLUTE
    ../../stkheap2.s                         0x00000000   Number         0  stkheap2.o ABSOLUTE
    ../../unhosted.s                         0x00000000   Number         0  callvia.o ABSOLUTE
    APP\IRQ.s                                0x00000000   Number         0  irq.o ABSOLUTE
    APP\LED.C                                0x00000000   Number         0  led.o ABSOLUTE
    APP\target.c                             0x00000000   Number         0  target.o ABSOLUTE
    ARM\Os_cpu_a.s                           0x00000000   Number         0  os_cpu_a.o ABSOLUTE
    ARM\Os_cpu_c.c                           0x00000000   Number         0  os_cpu_c.o ABSOLUTE
    Startup.s                                0x00000000   Number         0  startup.o ABSOLUTE
    UCOSII\OS_CORE.C                         0x00000000   Number         0  os_core.o ABSOLUTE
    UCOSII\OS_FLAG.C                         0x00000000   Number         0  os_flag.o ABSOLUTE
    UCOSII\OS_MBOX.C                         0x00000000   Number         0  os_mbox.o ABSOLUTE
    UCOSII\OS_MEM.C                          0x00000000   Number         0  os_mem.o ABSOLUTE
    UCOSII\OS_MUTEX.C                        0x00000000   Number         0  os_mutex.o ABSOLUTE
    UCOSII\OS_Q.C                            0x00000000   Number         0  os_q.o ABSOLUTE
    UCOSII\OS_SEM.C                          0x00000000   Number         0  os_sem.o ABSOLUTE
    UCOSII\OS_TASK.C                         0x00000000   Number         0  os_task.o ABSOLUTE
    UCOSII\OS_TIME.C                         0x00000000   Number         0  os_time.o ABSOLUTE
    dc.s                                     0x00000000   Number         0  dc.o ABSOLUTE
    !!!main                                  0x00008000   Section        8  __main.o(!!!main)
    !!!scatter                               0x00008008   Section       60  __scatter.o(!!!scatter)
    !!handler_zi                             0x00008044   Section       44  __scatter_zi.o(!!handler_zi)
    .emb_text                                0x00008074   Section       16  lib_init.o(.emb_text)
    .text                                    0x00008084   Section      640  target.o(.text)
    .text                                    0x00008304   Section      776  led.o(.text)
    .text                                    0x0000860c   Section      640  os_cpu_c.o(.text)
    .text                                    0x0000888c   Section     2912  os_core.o(.text)
    OS_InitTaskStat                          0x00008968   ARM Code      68  os_core.o(.text)
    OS_InitTaskIdle                          0x000089dc   ARM Code      68  os_core.o(.text)
    OS_InitEventList                         0x00008a20   ARM Code      80  os_core.o(.text)
    OS_InitTCBList                           0x00008a70   ARM Code     116  os_core.o(.text)
    OS_InitRdyList                           0x00008ae4   ARM Code      88  os_core.o(.text)
    OS_InitMisc                              0x00008b3c   ARM Code      88  os_core.o(.text)
    .text                                    0x000093ec   Section     2880  os_flag.o(.text)
    OS_FlagTaskRdy                           0x00009688   ARM Code     140  os_flag.o(.text)
    OS_FlagBlock                             0x0000986c   ARM Code     220  os_flag.o(.text)
    .text                                    0x00009f2c   Section      728  os_mem.o(.text)
    .text                                    0x0000a204   Section     2228  os_q.o(.text)
    .text                                    0x0000aab8   Section     2420  os_task.o(.text)
    .text                                    0x0000b42c   Section      644  os_time.o(.text)
    .text                                    0x0000b6b8   Section      120  rand.o(.text)
    .text                                    0x0000b730   Section      100  rt_memcpy_w.o(.text)
    .text                                    0x0000b794   Section       84  rt_memclr_w.o(.text)
    .text                                    0x0000b7e8   Section      384  aeabi_sdiv.o(.text)
    __arm_div8                               0x0000b814   ARM Code       0  aeabi_sdiv.o(.text)
    __arm_div4                               0x0000b844   ARM Code       0  aeabi_sdiv.o(.text)
    __arm_div_large                          0x0000b898   ARM Code       0  aeabi_sdiv.o(.text)
    .text                                    0x0000b968   Section      104  kernel.o(.text)
    .text                                    0x0000b9d0   Section       24  sys_exit.o(.text)
    .text                                    0x0000b9e8   Section       12  exit.o(.text)
    .text                                    0x0000b9f4   Section      152  stkheap1.o(.text)
    .text                                    0x0000ba94   Section      206  lib_init.o(.text)
    .text                                    0x0000bb64   Section       12  boardinit2.o(.text)
    .text                                    0x0000bb70   Section       16  boardinit3.o(.text)
    .text                                    0x0000bb80   Section        4  use_no_semi.o(.text)
    .text                                    0x0000bb84   Section       96  sys_stackheap_outer.o(.text)
    .text                                    0x0000bbe4   Section       16  rt_stackheap_storage_intlibspace.o(.text)
    .text                                    0x0000bbf8   Section       16  rt_locale_intlibspace.o(.text)
    .text                                    0x0000bc08   Section        6  no_argv.o(.text)
    .text                                    0x0000bc10   Section       12  libspace.o(.text)
    .text                                    0x0000bc1c   Section       16  rt_fp_status_addr_intlibspace.o(.text)
    .text_udiv                               0x0000bc2c   Section       28  aeabi_sdiv.o(.text_udiv)
    IRQ                                      0x0000bc48   Section      272  irq.o(IRQ)
    subr                                     0x0000bd6c   Section      272  os_cpu_a.o(subr)
    vectors                                  0x0000be7c   Section      192  startup.o(vectors)
    Undefined                                0x0000bebc   ARM Code       0  startup.o(vectors)
    PrefetchAbort                            0x0000bec0   ARM Code       0  startup.o(vectors)
    DataAbort                                0x0000bec4   ARM Code       0  startup.o(vectors)
    FIQ_Handler                              0x0000bec8   ARM Code       0  startup.o(vectors)
    ResetInit                                0x0000bf0c   ARM Code       0  startup.o(vectors)
    x$fpl$fpinit                             0x0000bf40   Section       24  fpinit.o(x$fpl$fpinit)
    .constdata                               0x0000bf58   Section      264  os_core.o(.constdata)
    .data                                    0x0000c070   Section        4  os_cpu_c.o(.data)
    .data                                    0x0000c074   Section       68  os_core.o(.data)
    .data                                    0x0000c0b8   Section        8  rand.o(.data)
    _random_j                                0x0000c0b8   Data           4  rand.o(.data)
    _random_k                                0x0000c0bc   Data           4  rand.o(.data)
    .bss                                     0x0000c0c0   Section     2048  led.o(.bss)
    .bss                                     0x0000c8c0   Section     5056  os_core.o(.bss)
    .bss                                     0x0000dc80   Section      220  rand.o(.bss)
    _random_number_seed                      0x0000dc80   Data         220  rand.o(.bss)
    .bss                                     0x0000dd5c   Section       96  libspace.o(.bss)
    Heap                                     0x0000ddbc   Section        1  startup.o(Heap)
    MyStacks                                 0x0000ddc0   Section      288  startup.o(MyStacks)
    IrqStackSpace                            0x0000ddc0   Data         288  startup.o(MyStacks)
    SWIStacks                                0x0000dee0   Section      128  os_cpu_a.o(SWIStacks)
    AbtStackSpace                            0x0000dee0   Data           0  startup.o(MyStacks)
    FiqStackSpace                            0x0000dee0   Data           0  startup.o(MyStacks)
    SvcStackSpace                            0x0000dee0   Data         128  os_cpu_a.o(SWIStacks)
    UndtStackSpace                           0x0000dee0   Data           0  startup.o(MyStacks)
    Stacks                                   0x0000df60   Section        1  startup.o(Stacks)

    Global Symbols

    Symbol Name                              Value     Ov Type        Size  Object(Section)

    BuildAttributes$$THM_ISAv1$ARM_ISAv4$M$S$PE$A:L22$X:L11$S22$IEEE1$IW$USESV6$~STKCKD$USESV7$~SHL$OSPACE$EBA8$STANDARDLIB$REQ8$PRES8$EABIv2 0x00000000   Number         0  anon$$obj.o ABSOLUTE
    __ARM_use_no_argv                        0x00000000   Number         0  led.o ABSOLUTE
    __ARM_exceptions_init                     - Undefined Weak Reference
    __Heap_DescSize                           - Undefined Weak Reference
    __alloca_initialize                       - Undefined Weak Reference
    __cpp_initialize__aeabi_                  - Undefined Weak Reference
    __cxa_finalize                            - Undefined Weak Reference
    __rt_SIGABRT_inner                        - Undefined Weak Reference
    __rt_SIGCPPL_inner                        - Undefined Weak Reference
    __rt_SIGFPE_inner                         - Undefined Weak Reference
    __rt_SIGILL_inner                         - Undefined Weak Reference
    __rt_SIGINT_inner                         - Undefined Weak Reference
    __rt_SIGPVFN_inner                        - Undefined Weak Reference
    __rt_SIGRTRED_inner                       - Undefined Weak Reference
    __rt_SIGSEGV_inner                        - Undefined Weak Reference
    __rt_SIGSTAK_inner                        - Undefined Weak Reference
    __rt_SIGTERM_inner                        - Undefined Weak Reference
    __rt_SIGUSR1_inner                        - Undefined Weak Reference
    __rt_SIGUSR2_inner                        - Undefined Weak Reference
    __rt_sigother_inner                       - Undefined Weak Reference
    __sigvec_lookup                           - Undefined Weak Reference
    __user_heap_extend                        - Undefined Weak Reference
    _atexit_init                              - Undefined Weak Reference
    _call_atexit_fns                          - Undefined Weak Reference
    _clock_init                               - Undefined Weak Reference
    _fp_trap_init                             - Undefined Weak Reference
    _get_lc_collate                           - Undefined Weak Reference
    _get_lc_ctype                             - Undefined Weak Reference
    _get_lc_monetary                          - Undefined Weak Reference
    _get_lc_numeric                           - Undefined Weak Reference
    _get_lc_time                              - Undefined Weak Reference
    _getenv_init                              - Undefined Weak Reference
    _handle_redirection                       - Undefined Weak Reference
    _init_alloc                               - Undefined Weak Reference
    _init_user_alloc                          - Undefined Weak Reference
    _initio                                   - Undefined Weak Reference
    _signal_init                              - Undefined Weak Reference
    _terminate_user_alloc                     - Undefined Weak Reference
    _terminateio                              - Undefined Weak Reference
    __main                                   0x00008000   ARM Code       8  __main.o(!!!main)
    __scatterload                            0x00008008   ARM Code       0  __scatter.o(!!!scatter)
    __scatterload_rt2                        0x00008008   ARM Code      52  __scatter.o(!!!scatter)
    __scatterload_null                       0x0000801c   ARM Code       0  __scatter.o(!!!scatter)
    __scatterload_zeroinit                   0x00008044   ARM Code      44  __scatter_zi.o(!!handler_zi)
    Inline Thumb to ARM Veneer to __ARM_argv_veneer 0x00008071   Thumb Code     0  lib_init.o(.emb_text)
    __ARM_argv_veneer                        0x00008074   ARM Code      16  lib_init.o(.emb_text)
    IRQ_Exception                            0x00008084   ARM Code       8  target.o(.text)
    FIQ_Exception                            0x0000808c   ARM Code       8  target.o(.text)
    Timer0_Exception                         0x00008094   ARM Code      36  target.o(.text)
    Timer0Init                               0x000080b8   ARM Code      48  target.o(.text)
    VICInit                                  0x000080e8   ARM Code      48  target.o(.text)
    TargetInit                               0x00008118   ARM Code      36  target.o(.text)
    InitialiseUART0                          0x0000813c   ARM Code     148  target.o(.text)
    TargetResetInit                          0x000081d0   ARM Code     264  target.o(.text)
    Task7                                    0x00008304   ARM Code      64  led.o(.text)
    Task6                                    0x00008344   ARM Code      64  led.o(.text)
    Task5                                    0x00008384   ARM Code      64  led.o(.text)
    Task4                                    0x000083c4   ARM Code      64  led.o(.text)
    Task3                                    0x00008404   ARM Code      64  led.o(.text)
    Task2                                    0x00008444   ARM Code      64  led.o(.text)
    Task1                                    0x00008484   ARM Code      64  led.o(.text)
    Task0                                    0x000084c4   ARM Code      76  led.o(.text)
    main                                     0x00008510   ARM Code     212  led.o(.text)
    OSTaskStkInit                            0x0000860c   ARM Code     232  os_cpu_c.o(.text)
    SWI_Exception                            0x000086f4   ARM Code     336  os_cpu_c.o(.text)
    OSStartHighRdy                           0x00008844   ARM Code      16  os_cpu_c.o(.text)
    OSInitHookBegin                          0x00008854   ARM Code       4  os_cpu_c.o(.text)
    OSInitHookEnd                            0x00008858   ARM Code       4  os_cpu_c.o(.text)
    OSTaskCreateHook                         0x0000885c   ARM Code       8  os_cpu_c.o(.text)
    OSTaskDelHook                            0x00008864   ARM Code       8  os_cpu_c.o(.text)
    OSTaskSwHook                             0x0000886c   ARM Code       4  os_cpu_c.o(.text)
    OSTaskStatHook                           0x00008870   ARM Code       4  os_cpu_c.o(.text)
    OSTCBInitHook                            0x00008874   ARM Code       8  os_cpu_c.o(.text)
    OSTimeTickHook                           0x0000887c   ARM Code       4  os_cpu_c.o(.text)
    OSTaskIdleHook                           0x00008880   ARM Code       4  os_cpu_c.o(.text)
    OS_TaskStat                              0x0000888c   ARM Code     220  os_core.o(.text)
    OS_TaskIdle                              0x000089ac   ARM Code      48  os_core.o(.text)
    OSInit                                   0x00008b94   ARM Code      56  os_core.o(.text)
    OSIntEnter                               0x00008bcc   ARM Code      56  os_core.o(.text)
    OSIntExit                                0x00008c04   ARM Code     240  os_core.o(.text)
    OSSchedLock                              0x00008cf4   ARM Code      72  os_core.o(.text)
    OS_Sched                                 0x00008d3c   ARM Code     168  os_core.o(.text)
    OSSchedUnlock                            0x00008de4   ARM Code     124  os_core.o(.text)
    OSStart                                  0x00008e60   ARM Code     132  os_core.o(.text)
    OSStatInit                               0x00008ee4   ARM Code      84  os_core.o(.text)
    OSTimeTick                               0x00008f38   ARM Code     212  os_core.o(.text)
    OSVersion                                0x0000900c   ARM Code       8  os_core.o(.text)
    OS_Dummy                                 0x00009014   ARM Code       4  os_core.o(.text)
    OS_EventTaskRdy                          0x00009018   ARM Code     188  os_core.o(.text)
    OS_EventTaskWait                         0x000090d4   ARM Code     188  os_core.o(.text)
    OS_EventTO                               0x00009190   ARM Code     116  os_core.o(.text)
    OS_EventWaitListInit                     0x00009204   ARM Code      24  os_core.o(.text)
    OS_TCBInit                               0x0000921c   ARM Code     336  os_core.o(.text)
    OSFlagAccept                             0x000093ec   ARM Code     440  os_flag.o(.text)
    OSFlagCreate                             0x000095a4   ARM Code     144  os_flag.o(.text)
    OS_FlagUnlink                            0x00009634   ARM Code      84  os_flag.o(.text)
    OSFlagDel                                0x00009714   ARM Code     344  os_flag.o(.text)
    OSFlagPend                               0x00009948   ARM Code     816  os_flag.o(.text)
    OSFlagPost                               0x00009c78   ARM Code     496  os_flag.o(.text)
    OSFlagQuery                              0x00009e68   ARM Code      96  os_flag.o(.text)
    OS_FlagInit                              0x00009ec8   ARM Code      76  os_flag.o(.text)
    OSMemCreate                              0x00009f2c   ARM Code     252  os_mem.o(.text)
    OSMemGet                                 0x0000a028   ARM Code     120  os_mem.o(.text)
    OSMemPut                                 0x0000a0a0   ARM Code     116  os_mem.o(.text)
    OSMemQuery                               0x0000a114   ARM Code     120  os_mem.o(.text)
    OS_MemInit                               0x0000a18c   ARM Code     112  os_mem.o(.text)
    OSQAccept                                0x0000a204   ARM Code     140  os_q.o(.text)
    OSQCreate                                0x0000a290   ARM Code     240  os_q.o(.text)
    OSQDel                                   0x0000a380   ARM Code     392  os_q.o(.text)
    OSQFlush                                 0x0000a508   ARM Code      92  os_q.o(.text)
    OSQPend                                  0x0000a564   ARM Code     364  os_q.o(.text)
    OSQPost                                  0x0000a6d0   ARM Code     216  os_q.o(.text)
    OSQPostFront                             0x0000a7a8   ARM Code     220  os_q.o(.text)
    OSQPostOpt                               0x0000a884   ARM Code     320  os_q.o(.text)
    OSQQuery                                 0x0000a9c4   ARM Code     156  os_q.o(.text)
    OS_QInit                                 0x0000aa60   ARM Code      68  os_q.o(.text)
    OSTaskChangePrio                         0x0000aab8   ARM Code     460  os_task.o(.text)
    OSTaskCreate                             0x0000ac84   ARM Code     236  os_task.o(.text)
    OSTaskCreateExt                          0x0000ad70   ARM Code     288  os_task.o(.text)
    OSTaskDel                                0x0000ae90   ARM Code     508  os_task.o(.text)
    OSTaskDelReq                             0x0000b08c   ARM Code     140  os_task.o(.text)
    OSTaskResume                             0x0000b118   ARM Code     192  os_task.o(.text)
    OSTaskStkChk                             0x0000b1d8   ARM Code     192  os_task.o(.text)
    OSTaskSuspend                            0x0000b298   ARM Code     240  os_task.o(.text)
    OSTaskQuery                              0x0000b388   ARM Code     120  os_task.o(.text)
    OSTimeDly                                0x0000b42c   ARM Code     140  os_time.o(.text)
    OSTimeDlyHMSM                            0x0000b4b8   ARM Code     232  os_time.o(.text)
    OSTimeDlyResume                          0x0000b5a0   ARM Code     184  os_time.o(.text)
    OSTimeGet                                0x0000b658   ARM Code      32  os_time.o(.text)
    OSTimeSet                                0x0000b678   ARM Code      32  os_time.o(.text)
    Inline ARM to Thumb Veneer to srand      0x0000b6b0   ARM Code       0  rand.o(.text)
    srand                                    0x0000b6b9   Thumb Code    42  rand.o(.text)
    _rand_init                               0x0000b6e3   Thumb Code     4  rand.o(.text)
    rand                                     0x0000b6e7   Thumb Code    56  rand.o(.text)
    __aeabi_memcpy4                          0x0000b730   ARM Code       0  rt_memcpy_w.o(.text)
    __aeabi_memcpy8                          0x0000b730   ARM Code       0  rt_memcpy_w.o(.text)
    __rt_memcpy_w                            0x0000b730   ARM Code     100  rt_memcpy_w.o(.text)
    _memcpy_lastbytes_aligned                0x0000b77c   ARM Code       0  rt_memcpy_w.o(.text)
    __aeabi_memclr4                          0x0000b794   ARM Code       0  rt_memclr_w.o(.text)
    __aeabi_memclr8                          0x0000b794   ARM Code       0  rt_memclr_w.o(.text)
    __rt_memclr_w                            0x0000b794   ARM Code      84  rt_memclr_w.o(.text)
    _memset_w                                0x0000b798   ARM Code       0  rt_memclr_w.o(.text)
    __aeabi_idiv                             0x0000b7e8   ARM Code       0  aeabi_sdiv.o(.text)
    __aeabi_idivmod                          0x0000b7e8   ARM Code     384  aeabi_sdiv.o(.text)
    __rt_entry                               0x0000b968   ARM Code      76  kernel.o(.text)
    __rt_exit                                0x0000b9b4   ARM Code      20  kernel.o(.text)
    __rt_abort                               0x0000b9c8   ARM Code       8  kernel.o(.text)
    _sys_exit                                0x0000b9d0   ARM Code      20  sys_exit.o(.text)
    exit                                     0x0000b9e9   Thumb Code    12  exit.o(.text)
    __rt_stackheap_init                      0x0000b9f4   ARM Code      40  stkheap1.o(.text)
    __rt_heap_extend                         0x0000ba1c   ARM Code     112  stkheap1.o(.text)
    Inline ARM to Thumb Veneer to __rt_lib_init 0x0000ba8c   ARM Code       0  lib_init.o(.text)
    __rt_lib_init                            0x0000ba95   Thumb Code   184  lib_init.o(.text)
    __rt_lib_shutdown                        0x0000bb4d   Thumb Code    22  lib_init.o(.text)
    _platform_post_stackheap_init            0x0000bb64   ARM Code      12  boardinit2.o(.text)
    _platform_post_lib_init                  0x0000bb70   ARM Code      16  boardinit3.o(.text)
    __I_use_semihosting                      0x0000bb80   ARM Code       0  use_no_semi.o(.text)
    __use_no_semihosting_swi                 0x0000bb80   ARM Code       4  use_no_semi.o(.text)
    __user_setup_stackheap                   0x0000bb84   ARM Code      96  sys_stackheap_outer.o(.text)
    __rt_stackheap_storage                   0x0000bbe4   ARM Code      12  rt_stackheap_storage_intlibspace.o(.text)
    Inline Thumb to ARM Veneer to __rt_locale 0x0000bbf5   Thumb Code     0  rt_locale_intlibspace.o(.text)
    __rt_locale                              0x0000bbf8   ARM Code      12  rt_locale_intlibspace.o(.text)
    __ARM_get_argv                           0x0000bc09   Thumb Code     6  no_argv.o(.text)
    __user_libspace                          0x0000bc10   ARM Code       8  libspace.o(.text)
    __user_perproc_libspace                  0x0000bc10   ARM Code       0  libspace.o(.text)
    __user_perthread_libspace                0x0000bc10   ARM Code       0  libspace.o(.text)
    __rt_fp_status_addr                      0x0000bc1c   ARM Code      12  rt_fp_status_addr_intlibspace.o(.text)
    __aeabi_uidiv                            0x0000bc2c   ARM Code       0  aeabi_sdiv.o(.text_udiv)
    __aeabi_uidivmod                         0x0000bc2c   ARM Code      28  aeabi_sdiv.o(.text_udiv)
    IRQ_Handler                              0x0000bc48   ARM Code       0  irq.o(IRQ)
    Timer0_Handler                           0x0000bcc4   ARM Code       0  irq.o(IRQ)
    Long ARM to Thumb Veneer to __rt_lib_shutdown 0x0000bd58   ARM Code       0  anon$$obj.o(Veneer$$Code)
    Short Thumb to ARM Veneer to __rt_exit   0x0000bd65   Thumb Code     0  anon$$obj.o(Veneer$$Code)
    SoftwareInterrupt                        0x0000bd6c   ARM Code       0  os_cpu_a.o(subr)
    OSIntCtxSw                               0x0000bda8   ARM Code       0  os_cpu_a.o(subr)
    __OSStartHighRdy                         0x0000be3c   ARM Code       0  os_cpu_a.o(subr)
    Reset                                    0x0000be7c   ARM Code       0  startup.o(vectors)
    __user_initial_stackheap                 0x0000bf18   ARM Code       0  startup.o(vectors)
    __rt_div0                                0x0000bf20   ARM Code       0  startup.o(vectors)
    Inline Thumb to ARM Veneer to _fp_init   0x0000bf3d   Thumb Code     0  fpinit.o(x$fpl$fpinit)
    _fp_init                                 0x0000bf40   ARM Code      24  fpinit.o(x$fpl$fpinit)
    __fplib_config_pureend_doubles           0x0000bf50   ARM Code       0  fpinit.o(x$fpl$fpinit)
    OSMapTbl                                 0x0000bf58   Data           8  os_core.o(.constdata)
    OSUnMapTbl                               0x0000bf60   Data         256  os_core.o(.constdata)
    Region$$Table$$Base                      0x0000c060   Number         0  anon$$obj.o(Region$$Table)
    OsEnterSum                               0x0000c070   Data           4  os_cpu_c.o(.data)
    Region$$Table$$Limit                     0x0000c070   Number         0  anon$$obj.o(Region$$Table)
    OSCtxSwCtr                               0x0000c074   Data           4  os_core.o(.data)
    OSEventFreeList                          0x0000c078   Data           4  os_core.o(.data)
    OSFlagFreeList                           0x0000c07c   Data           4  os_core.o(.data)
    OSCPUUsage                               0x0000c080   Data           1  os_core.o(.data)
    OSIdleCtrMax                             0x0000c084   Data           4  os_core.o(.data)
    OSIdleCtrRun                             0x0000c088   Data           4  os_core.o(.data)
    OSStatRdy                                0x0000c08c   Data           1  os_core.o(.data)
    OSIntNesting                             0x0000c08d   Data           1  os_core.o(.data)
    OSIntExitY                               0x0000c08e   Data           1  os_core.o(.data)
    OSLockNesting                            0x0000c08f   Data           1  os_core.o(.data)
    OSPrioCur                                0x0000c090   Data           1  os_core.o(.data)
    OSPrioHighRdy                            0x0000c091   Data           1  os_core.o(.data)
    OSRdyGrp                                 0x0000c092   Data           1  os_core.o(.data)
    OSRdyTbl                                 0x0000c093   Data           2  os_core.o(.data)
    OSRunning                                0x0000c095   Data           1  os_core.o(.data)
    OSTaskCtr                                0x0000c096   Data           1  os_core.o(.data)
    OSIdleCtr                                0x0000c098   Data           4  os_core.o(.data)
    OSTCBCur                                 0x0000c09c   Data           4  os_core.o(.data)
    OSTCBFreeList                            0x0000c0a0   Data           4  os_core.o(.data)
    OSTCBHighRdy                             0x0000c0a4   Data           4  os_core.o(.data)
    OSTCBList                                0x0000c0a8   Data           4  os_core.o(.data)
    OSMemFreeList                            0x0000c0ac   Data           4  os_core.o(.data)
    OSQFreeList                              0x0000c0b0   Data           4  os_core.o(.data)
    OSTime                                   0x0000c0b4   Data           4  os_core.o(.data)
    TaskStk0                                 0x0000c0c0   Data         256  led.o(.bss)
    TaskStk1                                 0x0000c1c0   Data         256  led.o(.bss)
    TaskStk2                                 0x0000c2c0   Data         256  led.o(.bss)
    TaskStk3                                 0x0000c3c0   Data         256  led.o(.bss)
    TaskStk4                                 0x0000c4c0   Data         256  led.o(.bss)
    TaskStk5                                 0x0000c5c0   Data         256  led.o(.bss)
    TaskStk6                                 0x0000c6c0   Data         256  led.o(.bss)
    TaskStk7                                 0x0000c7c0   Data         256  led.o(.bss)
    OSEventTbl                               0x0000c8c0   Data          24  os_core.o(.bss)
    OSFlagTbl                                0x0000c8d8   Data          60  os_core.o(.bss)
    OSTaskStatStk                            0x0000c914   Data        2048  os_core.o(.bss)
    OSTaskIdleStk                            0x0000d114   Data        2048  os_core.o(.bss)
    OSTCBPrioTbl                             0x0000d914   Data          52  os_core.o(.bss)
    OSTCBTbl                                 0x0000d948   Data         676  os_core.o(.bss)
    OSMemTbl                                 0x0000dbec   Data         100  os_core.o(.bss)
    OSQTbl                                   0x0000dc50   Data          48  os_core.o(.bss)
    __libspace_start                         0x0000dd5c   Data          96  libspace.o(.bss)
    __temporary_stack_top_libspace           0x0000ddbc   Data           0  libspace.o(.bss)
    bottom_of_heap                           0x0000ddbc   Data           1  startup.o(Heap)
    StackUsr                                 0x0000df60   Data           1  startup.o(Stacks)


================================================================================

Memory Map of the image

  Image Entry point : 0x00008000

  Load Region LR_1 (Base: 0x00008000, Size: 0x000040c0, Max: 0xffffffff, ABSOLUTE)

    Execution Region ER_RO (Base: 0x00008000, Size: 0x00004070, Max: 0xffffffff, ABSOLUTE)

    Base Addr    Size         Type   Attr      Idx    E Section Name        Object

    0x00008000   0x00000008   Code   RO          286  * !!!main             __main.o(c_t.l)
    0x00008008   0x0000003c   Code   RO          371    !!!scatter          __scatter.o(c_t.l)
    0x00008044   0x0000002c   Code   RO          373    !!handler_zi        __scatter_zi.o(c_t.l)
    0x00008070   0x00000004   Ven    RO          303    .emb_text           lib_init.o(c_t.l)
    0x00008074   0x00000010   Code   RO          303    .emb_text           lib_init.o(c_t.l)
    0x00008084   0x00000280   Code   RO            9    .text               target.o
    0x00008304   0x00000308   Code   RO           72    .text               led.o
    0x0000860c   0x00000280   Code   RO           90    .text               os_cpu_c.o
    0x0000888c   0x00000b60   Code   RO          123    .text               os_core.o
    0x000093ec   0x00000b40   Code   RO          152    .text               os_flag.o
    0x00009f2c   0x000002d8   Code   RO          182    .text               os_mem.o
    0x0000a204   0x000008b4   Code   RO          208    .text               os_q.o
    0x0000aab8   0x00000974   Code   RO          234    .text               os_task.o
    0x0000b42c   0x00000284   Code   RO          247    .text               os_time.o
    0x0000b6b0   0x00000008   Ven    RO          262    .text               rand.o(c_t.l)
    0x0000b6b8   0x00000078   Code   RO          262    .text               rand.o(c_t.l)
    0x0000b730   0x00000064   Code   RO          266    .text               rt_memcpy_w.o(c_t.l)
    0x0000b794   0x00000054   Code   RO          268    .text               rt_memclr_w.o(c_t.l)
    0x0000b7e8   0x00000180   Code   RO          270    .text               aeabi_sdiv.o(c_t.l)
    0x0000b968   0x00000068   Code   RO          288    .text               kernel.o(c_t.l)
    0x0000b9d0   0x00000018   Code   RO          295    .text               sys_exit.o(c_t.l)
    0x0000b9e8   0x0000000c   Code   RO          297    .text               exit.o(c_t.l)
    0x0000b9f4   0x00000098   Code   RO          299    .text               stkheap1.o(c_t.l)
    0x0000ba8c   0x00000008   Ven    RO          304    .text               lib_init.o(c_t.l)
    0x0000ba94   0x000000ce   Code   RO          304    .text               lib_init.o(c_t.l)
    0x0000bb62   0x00000002   PAD
    0x0000bb64   0x0000000c   Code   RO          309    .text               boardinit2.o(c_t.l)
    0x0000bb70   0x00000010   Code   RO          311    .text               boardinit3.o(c_t.l)
    0x0000bb80   0x00000004   Code   RO          315    .text               use_no_semi.o(c_t.l)
    0x0000bb84   0x00000060   Code   RO          317    .text               sys_stackheap_outer.o(c_t.l)
    0x0000bbe4   0x00000010   Code   RO          322    .text               rt_stackheap_storage_intlibspace.o(c_t.l)
    0x0000bbf4   0x00000004   Ven    RO          327    .text               rt_locale_intlibspace.o(c_t.l)
    0x0000bbf8   0x00000010   Code   RO          327    .text               rt_locale_intlibspace.o(c_t.l)
    0x0000bc08   0x00000006   Code   RO          333    .text               no_argv.o(c_t.l)
    0x0000bc0e   0x00000002   PAD
    0x0000bc10   0x0000000c   Code   RO          339    .text               libspace.o(c_t.l)
    0x0000bc1c   0x00000010   Code   RO          345    .text               rt_fp_status_addr_intlibspace.o(c_t.l)
    0x0000bc2c   0x0000001c   Code   RO          271    .text_udiv          aeabi_sdiv.o(c_t.l)
    0x0000bc48   0x00000110   Code   RO           68    IRQ                 irq.o
    0x0000bd58   0x0000000c   Ven    RO          380    Veneer$$Code        anon$$obj.o
    0x0000bd64   0x00000008   Ven    RO          381    Veneer$$Code        anon$$obj.o
    0x0000bd6c   0x00000110   Code   RO           86    subr                os_cpu_a.o
    0x0000be7c   0x000000c0   Code   RO            1    vectors             startup.o
    0x0000bf3c   0x00000004   Ven    RO          335    x$fpl$fpinit        fpinit.o(fz_ts.l)
    0x0000bf40   0x00000018   Code   RO          335    x$fpl$fpinit        fpinit.o(fz_ts.l)
    0x0000bf58   0x00000108   Data   RO          125    .constdata          os_core.o
    0x0000c060   0x00000010   Data   RO          370    Region$$Table       anon$$obj.o


    Execution Region ER_RW (Base: 0x0000c070, Size: 0x00000050, Max: 0xffffffff, ABSOLUTE)

    Base Addr    Size         Type   Attr      Idx    E Section Name        Object

    0x0000c070   0x00000004   Data   RW           91    .data               os_cpu_c.o
    0x0000c074   0x00000044   Data   RW          124    .data               os_core.o
    0x0000c0b8   0x00000008   Data   RW          263    .data               rand.o(c_t.l)


    Execution Region ER_ZI (Base: 0x0000c0c0, Size: 0x00001ea4, Max: 0xffffffff, ABSOLUTE)

    Base Addr    Size         Type   Attr      Idx    E Section Name        Object

    0x0000c0c0   0x00000800   Zero   RW           73    .bss                led.o
    0x0000c8c0   0x000013c0   Zero   RW          126    .bss                os_core.o
    0x0000dc80   0x000000dc   Zero   RW          264    .bss                rand.o(c_t.l)
    0x0000dd5c   0x00000060   Zero   RW          340    .bss                libspace.o(c_t.l)
    0x0000ddbc   0x00000001   Zero   RW            3    Heap                startup.o
    0x0000ddbd   0x00000003   PAD
    0x0000ddc0   0x00000120   Zero   RW            2    MyStacks            startup.o
    0x0000dee0   0x00000080   Zero   RW           87    SWIStacks           os_cpu_a.o
    0x0000df60   0x00000001   Zero   RW            4    Stacks              startup.o


================================================================================

Image component sizes


      Code (inc. data)   RO Data    RW Data    ZI Data      Debug   Object Name

       272         24          0          0          0        213   irq.o
       776         40          0          0       2048       2295   led.o
      2912        128        264         68       5056      12491   os_core.o
       272         36          0          0        128        264   os_cpu_a.o
       640          8          0          4          0       9801   os_cpu_c.o
      2880         24          0          0          0      10657   os_flag.o
       728          8          0          0          0       2173   os_mem.o
      2228         20          0          0          0       4209   os_q.o
      2420         44          0          0          0       4531   os_task.o
       644         24          0          0          0       1594   os_time.o
       192         60          0          0        290        256   startup.o
       640         44          0          0          0       8159   target.o

    ------------------------------------------------------------------------
     14624        464        280         72       7528      56644   Object Totals
        20          4         16          0          0          0   (incl. Generated)
         0          0          0          0          6          1   (incl. Padding)

    ------------------------------------------------------------------------

      Code (inc. data)   RO Data    RW Data    ZI Data      Debug   Library Member Name

         8          0          0          0          0          0   __main.o
        60          8          0          0          0          0   __scatter.o
        44          0          0          0          0          0   __scatter_zi.o
       412          0          0          0          0          0   aeabi_sdiv.o
        12          0          0          0          0          0   boardinit2.o
        16          0          0          0          0          0   boardinit3.o
        12          0          0          0          0          0   exit.o
        28          0          0          0          0          0   fpinit.o
       104          4          0          0          0          0   kernel.o
       234          4          0          0          0          0   lib_init.o
        12          4          0          0         96          0   libspace.o
         6          0          0          0          0          0   no_argv.o
       128         18          0          8        220          0   rand.o
        16          4          0          0          0          0   rt_fp_status_addr_intlibspace.o
        20          4          0          0          0          0   rt_locale_intlibspace.o
        84          0          0          0          0          0   rt_memclr_w.o
       100          0          0          0          0          0   rt_memcpy_w.o
        16          4          0          0          0          0   rt_stackheap_storage_intlibspace.o
       152          0          0          0          0          0   stkheap1.o
        24          8          0          0          0          0   sys_exit.o
        96          0          0          0          0          0   sys_stackheap_outer.o
         4          0          0          0          0          0   use_no_semi.o

    ------------------------------------------------------------------------
      1592         58          0          8        316          0   Library Totals
         4          0          0          0          0          0   (incl. Padding)

    ------------------------------------------------------------------------

      Code (inc. data)   RO Data    RW Data    ZI Data      Debug   Library Name

      1560         58          0          8        316          0   c_t.l
        28          0          0          0          0          0   fz_ts.l

    ------------------------------------------------------------------------
      1592         58          0          8        316          0   Library Totals

    ------------------------------------------------------------------------

================================================================================


      Code (inc. data)   RO Data    RW Data    ZI Data      Debug   

     16216        522        280         80       7844      56644   Grand Totals
     16216        522        280         80       7844      56644   ELF Image Totals
     16216        522        280         80          0          0   ROM Totals

================================================================================

    Total RO  Size (Code + RO Data)                16496 (  16.11kB)
    Total RW  Size (RW Data + ZI Data)              7924 (   7.74kB)
    Total ROM Size (Code + RO Data + RW Data)      16576 (  16.19kB)

================================================================================

