<html>
<body>
<pre>
<h1>µVision Build Log</h1>
<h2>Project:</h2>
D:\Softwares\Source Codes\ARM7\RTOS\JNTU_RITS\EXP6_BLINKING2LED2INT\LED.uvproj
Project File Date:  04/15/2016

<h2>Output:</h2>
Rebuild target 'Target 1'
assembling Startup.s...
compiling target.c...
assembling IRQ.s...
APP\IRQ.s(111): warning: A1876W: Use of '|' as a synonym for the :OR: operator is deprecated.
APP\IRQ.s:     at line 76 in macro HANDLER in 'APP\IRQ.s'
APP\IRQ.s: 
compiling LED.C...
assembling Os_cpu_a.s...
ARM\Os_cpu_a.s(152): warning: A1876W: Use of '|' as a synonym for the :OR: operator is deprecated.
compiling Os_cpu_c.c...
compiling OS_CORE.C...
compiling OS_FLAG.C...
compiling OS_MBOX.C...
compiling OS_MEM.C...
compiling OS_MUTEX.C...
compiling OS_Q.C...
compiling OS_SEM.C...
compiling OS_TASK.C...
compiling OS_TIME.C...
linking...
Program Size: Code=15200 RO-data=296 RW-data=72 ZI-data=6316  
FromELF: creating hex file...
".\TWOLED.axf" - 0 Error(s), 2 Warning(s).
</pre>
</body>
</html>
