LARM LINKER/LOCATER V2.53                                                               04/16/2016  17:34:15  PAGE 1


LARM LINKER/LOCATER V2.53, INVOKED BY:
C:\KEILUV3\ARM\BIN\LA.EXE .\Obj\Startup.obj, .\Obj\Demo.obj, ..\..\..\OBJ\CAN_SPIsw.obj, ..\..\..\OBJ\SPIsw.obj, ..\..\.
>> .\OBJ\Utility.obj TO .\Obj\DEMOS2 PRINT (.\Lst\DEMOS2.map) CODE (.\Lst\DEMOS2.cod) CASE CLASSES (DATA (0X40000000-0X4
>> 0007FFF), CODE (0X0-0X7FFFF), CONST (0X0-0X7FFFF))


CPU MODE: LITTLE ENDIAN


INPUT MODULES INCLUDED:
  .\Obj\Startup.obj (STARTUP)
         COMMENT TYPE 0: AA V2.50
  .\Obj\Demo.obj (Demo)
         COMMENT TYPE 0: CARM V2.53
  ..\..\..\OBJ\CAN_SPIsw.obj (CAN_SPIsw)
         COMMENT TYPE 0: CARM V2.51a
  ..\..\..\OBJ\SPIsw.obj (SPIsw)
         COMMENT TYPE 0: CARM V2.51a
  ..\..\..\OBJ\Utility.obj (Utility)
         COMMENT TYPE 0: CARM V2.51a
  C:\KEILUV3\ARM\LIB\CAL.LIB (FIQ)
         COMMENT TYPE 0: AA V2.50
  C:\KEILUV3\ARM\LIB\CAL.LIB (IRQ)
         COMMENT TYPE 0: AA V2.50
  C:\KEILUV3\ARM\LIB\CAL.LIB (DABT)
         COMMENT TYPE 0: AA V2.50
  C:\KEILUV3\ARM\LIB\CAL.LIB (PABT)
         COMMENT TYPE 0: AA V2.50
  C:\KEILUV3\ARM\LIB\CAL.LIB (SWI)
         COMMENT TYPE 0: AA V2.50
  C:\KEILUV3\ARM\LIB\CAL.LIB (UNDEF)
         COMMENT TYPE 0: AA V2.50


ACTIVE MEMORY CLASSES OF MODULE:  .\Obj\DEMOS2 (STARTUP)

BASE       START      END        USED       MEMORY CLASS
========================================================
00000000H  40000000H  40007FFFH  000004D8H  DATA
00000000H  00000000H  0007FFFFH  00001BA4H  CODE
00000000H  00000000H  0007FFFFH  00000020H  CONST



MEMORY MAP OF MODULE:  .\Obj\DEMOS2 (STARTUP)

START      STOP       LENGTH    ALIGN  RELOC  MEMORY CLASS   SEGMENT NAME
=========================================================================
00000000H  0000011FH  00000120H     4  AT..   CODE           STARTUPCODE
00000120H  00000137H  00000018H     4  UNIT   CONST          ?C_CLRSEG
00000138H  0000013FH  00000008H     4  UNIT   CONST          ?C_INITSEG
00000140H  00000183H  00000044H     4  UNIT   CODE           ?PR?DelayMs?A?Demo
00000184H  000004F3H  00000370H     4  UNIT   CODE           ?PR?main?Demo
000004F4H  000004FFH  0000000CH     4  UNIT   CODE           ?PR?cs_pin_low?A?CAN_SPIsw
00000500H  0000050BH  0000000CH     4  UNIT   CODE           ?PR?cs_pin_high?A?CAN_SPIsw
0000050CH  000006C3H  000001B8H     4  UNIT   CODE           ?PR?CANSPIIDToRegs?A?CAN_SPIsw
000006C4H  0000074FH  0000008CH     4  UNIT   CODE           ?PR?CANSPISetOperationMode?A?CAN_SPIsw
00000750H  00000887H  00000138H     4  UNIT   CODE           ?PR?CANSPISetBaudRate?A?CAN_SPIsw
00000888H  000008E3H  0000005CH     4  UNIT   CODE           ?PR?CANSPISetMask?A?CAN_SPIsw
000008E4H  0000096BH  00000088H     4  UNIT   CODE           ?PR?CANSPISetFilter?A?CAN_SPIsw
0000096CH  00000B33H  000001C8H     4  UNIT   CODE           ?PR?RegsToCANSPIID?A?CAN_SPIsw
00000B34H  00000DABH  00000278H     4  UNIT   CODE           ?PR?CANSPIWrite?A?CAN_SPIsw
00000DACH  0000122BH  00000480H     4  UNIT   CODE           ?PR?CANSPIRead?A?CAN_SPIsw
0000122CH  000013F3H  000001C8H     4  UNIT   CODE           ?PR?CANSPIInitialize?A?CAN_SPIsw
000013F4H  0000160FH  0000021CH     4  UNIT   CODE           ?PR?SPI_init?A?SPIsw
00001610H  0000163BH  0000002CH     4  UNIT   CODE           ?PR?SPI_enable?A?SPIsw
LARM LINKER/LOCATER V2.53                                                             04/16/2016  17:34:15  PAGE 2


0000163CH  0000165BH  00000020H     4  UNIT   CODE           ?PR?SPI_disable?A?SPIsw
0000165CH  00001763H  00000108H     4  UNIT   CODE           ?PR?SPI_charM0?A?SPIsw
00001764H  0000186FH  0000010CH     4  UNIT   CODE           ?PR?SPI_charM1?A?SPIsw
00001870H  00001977H  00000108H     4  UNIT   CODE           ?PR?SPI_charM2?A?SPIsw
00001978H  00001A83H  0000010CH     4  UNIT   CODE           ?PR?SPI_charM3?A?SPIsw
00001A84H  00001B37H  000000B4H     4  UNIT   CODE           ?PR?SPI_char?A?SPIsw
00001B38H  00001B47H  00000010H     4  UNIT   CODE           ?PR?Lo?A?Utility
00001B48H  00001B5BH  00000014H     4  UNIT   CODE           ?PR?Hi?A?Utility
00001B5CH  00001B6FH  00000014H     4  UNIT   CODE           ?PR?Higher?A?Utility
00001B70H  00001B83H  00000014H     4  UNIT   CODE           ?PR?Highest?A?Utility
00001B84H  00001BABH  00000028H     4  UNIT   CODE           ?PR?delay_Nx10cyc?A?Utility
00001BACH  00001BAFH  00000004H     4  UNIT   CODE           ?C?FIQ
00001BB0H  00001BB3H  00000004H     4  UNIT   CODE           ?C?IRQ
00001BB4H  00001BB7H  00000004H     4  UNIT   CODE           ?C?DABT
00001BB8H  00001BBBH  00000004H     4  UNIT   CODE           ?C?PABT
00001BBCH  00001BC3H  00000008H     4  UNIT   CODE           ?C?UNDEF
00001BC4H  3FFFFFFFH  3FFFE43CH   ---  ---    **GAP**
40000000H  4000048FH  00000490H     4  UNIT   DATA           STACK
40000490H  400004A2H  00000013H     4  UNIT   DATA           ?DT0?Demo
400004A3H  400004A3H  00000001H   ---  ---    **GAP**
400004A4H  400004D8H  00000035H     4  UNIT   DATA           ?DT0?SPIsw



REMOVED FUNCTIONS OF MODULE:  .\Obj\DEMOS2 (STARTUP)

      ATTRIBUTE  FUNCTION NAME
      ========================
       unused    CANSPIGetOperationMode?A
       unused    hex2str?A
       unused    int2str?A



PUBLIC SYMBOLS OF MODULE:  .\Obj\DEMOS2 (STARTUP)

      VALUE      CLASS    TYPE      PUBLIC SYMBOL NAME
      ================================================
      00000120H  ---      ---       ?C?CLRTAB
      00000184H  ---      ---       ?C?INIT
      00000138H  ---      ---       ?C?INITTAB
      00000000H  CODE     ---       CANSPIGetOperationMode?A
      0000050CH  CODE     ---       CANSPIIDToRegs?A
      0000122CH  CODE     ---       CANSPIInitialize?A
      00000DACH  CODE     ---       CANSPIRead?A
      00000750H  CODE     ---       CANSPISetBaudRate?A
      000008E4H  CODE     ---       CANSPISetFilter?A
      00000888H  CODE     ---       CANSPISetMask?A
      000006C4H  CODE     ---       CANSPISetOperationMode?A
      00000B34H  CODE     ---       CANSPIWrite?A
      400004B4H  DATA     DWORD     CSmask0
      400004B8H  DATA     DWORD     CSmask1
      00001BB4H  CODE     ---       DAbt_Handler?A
      00000140H  CODE     ---       DelayMs?A
      00001BACH  CODE     ---       FIQ_Handler?A
      00001B48H  CODE     ---       Hi?A
      00001B5CH  CODE     ---       Higher?A
      00001B70H  CODE     ---       Highest?A
      00001BB0H  CODE     ---       IRQ_Handler?A
      00001B38H  CODE     ---       Lo?A
      400004BCH  DATA     DWORD     MISOmask0
      400004C0H  DATA     DWORD     MISOmask1
      400004C4H  DATA     DWORD     MOSImask0
      400004C8H  DATA     DWORD     MOSImask1
      00001BB8H  CODE     ---       PAbt_Handler?A
LARM LINKER/LOCATER V2.53                                                             04/16/2016  17:34:15  PAGE 3


      0000096CH  CODE     ---       RegsToCANSPIID?A
      400004CCH  DATA     DWORD     SCKmask0
      400004D0H  DATA     DWORD     SCKmask1
      00001A84H  CODE     ---       SPI_char?A
      0000165CH  CODE     ---       SPI_charM0?A
      00001764H  CODE     ---       SPI_charM1?A
      00001870H  CODE     ---       SPI_charM2?A
      00001978H  CODE     ---       SPI_charM3?A
      0000163CH  CODE     ---       SPI_disable?A
      00001610H  CODE     ---       SPI_enable?A
      000013F4H  CODE     ---       SPI_init?A
      00001BBCH  CODE     ---       SWI_Handler?A
      00001BC0H  CODE     ---       Undef_Handler?A
      00000000H  CODE     ---       __startup
      40000494H  DATA     BYTE      aa
      40000495H  DATA     BYTE      aa1
      40000496H  DATA     BYTE      aa2
      40000499H  DATA     BYTE      cont
      00000500H  CODE     ---       cs_pin_high?A
      000004F4H  CODE     ---       cs_pin_low?A
      4000049BH  DATA     ---       data
      00001B84H  CODE     ---       delay_Nx10cyc?A
      000000FCH  CODE     ---       exit?A
      00000100H  CODE     ---       exit?T
      00000000H  CODE     ---       hex2str?A
      40000490H  DATA     DWORD     id
      00000000H  CODE     ---       int2str?A
      40000497H  DATA     BYTE      len
      000001ECH  CODE     ---       main
      4000049AH  DATA     BYTE      oldstate
      400004B0H  DATA     ---       pSPIswCLR
      400004A8H  DATA     ---       pSPIswDIR
      400004A4H  DATA     ---       pSPIswPIN
      400004ACH  DATA     ---       pSPIswSET
      400004D4H  DATA     BYTE      posCS
      400004D7H  DATA     BYTE      posMISO
      400004D6H  DATA     BYTE      posMOSI
      400004D5H  DATA     BYTE      posSCK
      400004D8H  DATA     BYTE      spiMode
      40000498H  DATA     BYTE      zr

Program Size: data=1240 const=32 code=7076
LARM RUN COMPLETE.  0 WARNING(S),  0 ERROR(S)
