<html>
<body>
<pre>
<h1>µVision Build Log</h1>
<h2>Project:</h2>
C:\Users\Sys\Desktop\PS2_Keyboard 1\PS2_KEYBOARD_1.uvproj
Project File Date:  10/27/2015

<h2>Output:</h2>
Rebuild target 'Target 1'
assembling Startup.s...
compiling PS2_KEYBOARD_1.C...
linking...
Program Size: Code=1992 RO-data=32 RW-data=92 ZI-data=1260  
"PS2_KEYBOARD_1.axf" - 0 Error(s), 0 Warning(s).
Rebuild target 'Target 1'
assembling Startup.s...
compiling PS2_KEYBOARD_1.C...
linking...
Program Size: Code=1992 RO-data=32 RW-data=92 ZI-data=1260  
FromELF: creating hex file...
"PS2_KEYBOARD_1.axf" - 0 Error(s), 0 Warning(s).
Rebuild target 'Target 1'
assembling Startup.s...
compiling PS2_KEYBOARD_1.C...
linking...
Program Size: Code=1996 RO-data=32 RW-data=92 ZI-data=1260  
FromELF: creating hex file...
"PS2_KEYBOARD_1.axf" - 0 Error(s), 0 Warning(s).
Rebuild target 'Target 1'
assembling Startup.s...
compiling PS2_KEYBOARD_1.C...
linking...
Program Size: Code=1996 RO-data=32 RW-data=92 ZI-data=1260  
FromELF: creating hex file...
"PS2_KEYBOARD_1.axf" - 0 Error(s), 0 Warning(s).
Rebuild target 'Target 1'
assembling Startup.s...
compiling PS2_KEYBOARD_1.C...
linking...
Program Size: Code=1996 RO-data=32 RW-data=92 ZI-data=1260  
FromELF: creating hex file...
"PS2_KEYBOARD_1.axf" - 0 Error(s), 0 Warning(s).
Rebuild target 'Target 1'
assembling Startup.s...
compiling PS2_KEYBOARD_1.C...
linking...
Program Size: Code=2000 RO-data=32 RW-data=92 ZI-data=1260  
FromELF: creating hex file...
"PS2_KEYBOARD_1.axf" - 0 Error(s), 0 Warning(s).
Rebuild target 'Target 1'
assembling Startup.s...
compiling PS2_KEYBOARD_1.C...
linking...
Program Size: Code=2000 RO-data=32 RW-data=92 ZI-data=1260  
FromELF: creating hex file...
"PS2_KEYBOARD_1.axf" - 0 Error(s), 0 Warning(s).
Rebuild target 'Target 1'
assembling Startup.s...
compiling PS2_KEYBOARD_1.C...
linking...
Program Size: Code=2000 RO-data=32 RW-data=92 ZI-data=1260  
FromELF: creating hex file...
"PS2_KEYBOARD_1.axf" - 0 Error(s), 0 Warning(s).
